Archive member included because of file (symbol)

.\CortexM0\ARM_GCC_484\Debug\BLE Lab 4.a(cyfitter_cfg.o)
                              .\CortexM0\ARM_GCC_484\Debug\Cm0Start.o (cyfitter_cfg)
.\CortexM0\ARM_GCC_484\Debug\BLE Lab 4.a(GREEN.o)
                              .\CortexM0\ARM_GCC_484\Debug\main.o (GREEN_SetDriveMode)
.\CortexM0\ARM_GCC_484\Debug\BLE Lab 4.a(RED.o)
                              .\CortexM0\ARM_GCC_484\Debug\main.o (RED_SetDriveMode)
.\CortexM0\ARM_GCC_484\Debug\BLE Lab 4.a(PRS_2.o)
                              .\CortexM0\ARM_GCC_484\Debug\main.o (PRS_2_Start)
.\CortexM0\ARM_GCC_484\Debug\BLE Lab 4.a(PRS_1.o)
                              .\CortexM0\ARM_GCC_484\Debug\main.o (PRS_1_Start)
.\CortexM0\ARM_GCC_484\Debug\BLE Lab 4.a(BLE_1.o)
                              .\CortexM0\ARM_GCC_484\Debug\main.o (CyBle_Start)
.\CortexM0\ARM_GCC_484\Debug\BLE Lab 4.a(BLE_1_gatt.o)
                              .\CortexM0\ARM_GCC_484\Debug\BLEApplications.o (cyBle_state)
.\CortexM0\ARM_GCC_484\Debug\BLE Lab 4.a(BLE_1_eventHandler.o)
                              .\CortexM0\ARM_GCC_484\Debug\BLEApplications.o (cyBle_connHandle)
.\CortexM0\ARM_GCC_484\Debug\BLE Lab 4.a(BLE_1_custom.o)
                              .\CortexM0\ARM_GCC_484\Debug\BLEApplications.o (cyBle_customs)
.\CortexM0\ARM_GCC_484\Debug\BLE Lab 4.a(CapSense.o)
                              .\CortexM0\ARM_GCC_484\Debug\main.o (CapSense_Start)
.\CortexM0\ARM_GCC_484\Debug\BLE Lab 4.a(CapSense_CSHL.o)
                              .\CortexM0\ARM_GCC_484\Debug\BLE Lab 4.a(CapSense.o) (CapSense_rawDataIndex)
.\CortexM0\ARM_GCC_484\Debug\BLE Lab 4.a(CapSense_INT.o)
                              .\CortexM0\ARM_GCC_484\Debug\BLE Lab 4.a(CapSense.o) (CapSense_ISR)
.\CortexM0\ARM_GCC_484\Debug\BLE Lab 4.a(CapSense_SMS.o)
                              .\CortexM0\ARM_GCC_484\Debug\BLE Lab 4.a(CapSense_CSHL.o) (CapSense_config)
.\CortexM0\ARM_GCC_484\Debug\BLE Lab 4.a(BLUE.o)
                              .\CortexM0\ARM_GCC_484\Debug\main.o (BLUE_SetDriveMode)
.\CortexM0\ARM_GCC_484\Debug\BLE Lab 4.a(CapSense_SampleClk.o)
                              .\CortexM0\ARM_GCC_484\Debug\BLE Lab 4.a(CapSense.o) (CapSense_SampleClk_StartEx)
.\CortexM0\ARM_GCC_484\Debug\BLE Lab 4.a(CapSense_SenseClk.o)
                              .\CortexM0\ARM_GCC_484\Debug\BLE Lab 4.a(CapSense.o) (CapSense_SenseClk_StartEx)
.\CortexM0\ARM_GCC_484\Debug\BLE Lab 4.a(CyBootAsmGnu.o)
                              .\CortexM0\ARM_GCC_484\Debug\BLE Lab 4.a(cyfitter_cfg.o) (CyDelayCycles)
.\CortexM0\ARM_GCC_484\Debug\BLE Lab 4.a(CyLib.o)
                              .\CortexM0\ARM_GCC_484\Debug\BLE Lab 4.a(cyfitter_cfg.o) (CyDelayUs)
C:\Program Files (x86)\Cypress\PSoC Creator\3.1\PSoC Creator\psoc\content\cycomponentlibrary\CyComponentLibrary.cylib\BLE_v1_20\Library\gccCyBLEStack_BLE_SOC_PERIPHERAL.a(CyBle.o)
                              .\CortexM0\ARM_GCC_484\Debug\main.o (CyBle_ProcessEvents)
C:\Program Files (x86)\Cypress\PSoC Creator\3.1\PSoC Creator\psoc\content\cycomponentlibrary\CyComponentLibrary.cylib\BLE_v1_20\Library\gccCyBLEStack_BLE_SOC_PERIPHERAL.a(CyBleStackMgrIP_Interface.o)
                              C:\Program Files (x86)\Cypress\PSoC Creator\3.1\PSoC Creator\psoc\content\cycomponentlibrary\CyComponentLibrary.cylib\BLE_v1_20\Library\gccCyBLEStack_BLE_SOC_PERIPHERAL.a(CyBle.o) (CyBleStackMgr_BleGetConfigData)
C:\Program Files (x86)\Cypress\PSoC Creator\3.1\PSoC Creator\psoc\content\cycomponentlibrary\CyComponentLibrary.cylib\BLE_v1_20\Library\gccCyBLEStack_BLE_SOC_PERIPHERAL.a(BT_os.o)
                              C:\Program Files (x86)\Cypress\PSoC Creator\3.1\PSoC Creator\psoc\content\cycomponentlibrary\CyComponentLibrary.cylib\BLE_v1_20\Library\gccCyBLEStack_BLE_SOC_PERIPHERAL.a(CyBleStackMgrIP_Interface.o) (bt_stack_init_os)
C:\Program Files (x86)\Cypress\PSoC Creator\3.1\PSoC Creator\psoc\content\cycomponentlibrary\CyComponentLibrary.cylib\BLE_v1_20\Library\gccCyBLEStack_BLE_SOC_PERIPHERAL.a(CyBleStackMgr_StackTaskHandler.o)
                              C:\Program Files (x86)\Cypress\PSoC Creator\3.1\PSoC Creator\psoc\content\cycomponentlibrary\CyComponentLibrary.cylib\BLE_v1_20\Library\gccCyBLEStack_BLE_SOC_PERIPHERAL.a(CyBleStackMgrIP_Interface.o) (CyBle_CreateBleStackTask)
C:\Program Files (x86)\Cypress\PSoC Creator\3.1\PSoC Creator\psoc\content\cycomponentlibrary\CyComponentLibrary.cylib\BLE_v1_20\Library\gccCyBLEStack_BLE_SOC_PERIPHERAL.a(transport_sf.o)
                              C:\Program Files (x86)\Cypress\PSoC Creator\3.1\PSoC Creator\psoc\content\cycomponentlibrary\CyComponentLibrary.cylib\BLE_v1_20\Library\gccCyBLEStack_BLE_SOC_PERIPHERAL.a(CyBleStackMgr_StackTaskHandler.o) (hci_soft_transport_notify_data_received)
C:\Program Files (x86)\Cypress\PSoC Creator\3.1\PSoC Creator\psoc\content\cycomponentlibrary\CyComponentLibrary.cylib\BLE_v1_20\Library\gccCyBLEStack_BLE_SOC_PERIPHERAL.a(CyBleStackMgr_PSoCHal.o)
[...]
Memory Configuration

Name             Origin             Length             Attributes
rom              0x00000000         0x00020000         xr
ram              0x20000000         0x00004000         xrw
*default*        0x00000000         0xffffffff

Linker script and memory map

LOAD c:/program files (x86)/cypress/psoc creator/3.1/psoc creator/import/gnu_cs/arm/4.8.4/bin/../lib/gcc/arm-none-eabi/4.8.4/armv6-m/crti.o
LOAD c:/program files (x86)/cypress/psoc creator/3.1/psoc creator/import/gnu_cs/arm/4.8.4/bin/../lib/gcc/arm-none-eabi/4.8.4/armv6-m/crtbegin.o
LOAD c:/program files (x86)/cypress/psoc creator/3.1/psoc creator/import/gnu_cs/arm/4.8.4/bin/../lib/gcc/arm-none-eabi/4.8.4/../../../../arm-none-eabi/lib/armv6-m/crt0.o
START GROUP
LOAD .\CortexM0\ARM_GCC_484\Debug\main.o
LOAD .\CortexM0\ARM_GCC_484\Debug\BLEApplications.o
LOAD .\CortexM0\ARM_GCC_484\Debug\cymetadata.o
LOAD .\CortexM0\ARM_GCC_484\Debug\Cm0Start.o
LOAD .\CortexM0\ARM_GCC_484\Debug\BLE Lab 4.a
LOAD C:\Program Files (x86)\Cypress\PSoC Creator\3.1\PSoC Creator\psoc\content\cycomponentlibrary\CyComponentLibrary.cylib\BLE_v1_20\Library\gccCyBLEStack_BLE_SOC_PERIPHERAL.a
LOAD C:\Program Files (x86)\Cypress\PSoC Creator\3.1\PSoC Creator\psoc\content\cycomponentlibrary\CyComponentLibrary.cylib\CapSense_CSD_P4_v2_10\PSoC4\Library\CapsenseP4Library_GCC.a
LOAD C:\Program Files (x86)\Cypress\PSoC Creator\3.1\PSoC Creator\psoc\content\cycomponentlibrary\CyComponentLibrary.cylib\CortexM0\ARM_GCC_484\Debug\CyComponentLibrary.a
END GROUP
START GROUP
LOAD c:/program files (x86)/cypress/psoc creator/3.1/psoc creator/import/gnu_cs/arm/4.8.4/bin/../lib/gcc/arm-none-eabi/4.8.4/armv6-m\libgcc.a
LOAD c:/program files (x86)/cypress/psoc creator/3.1/psoc creator/import/gnu_cs/arm/4.8.4/bin/../lib/gcc/arm-none-eabi/4.8.4/../../../../arm-none-eabi/lib/armv6-m\libg_s.a
LOAD c:/program files (x86)/cypress/psoc creator/3.1/psoc creator/import/gnu_cs/arm/4.8.4/bin/../lib/gcc/arm-none-eabi/4.8.4/../../../../arm-none-eabi/lib/armv6-m\libc_s.a
END GROUP
START GROUP
LOAD c:/program files (x86)/cypress/psoc creator/3.1/psoc creator/import/gnu_cs/arm/4.8.4/bin/../lib/gcc/arm-none-eabi/4.8.4/armv6-m\libgcc.a
LOAD c:/program files (x86)/cypress/psoc creator/3.1/psoc creator/import/gnu_cs/arm/4.8.4/bin/../lib/gcc/arm-none-eabi/4.8.4/../../../../arm-none-eabi/lib/armv6-m\libc_s.a
END GROUP
LOAD c:/program files (x86)/cypress/psoc creator/3.1/psoc creator/import/gnu_cs/arm/4.8.4/bin/../lib/gcc/arm-none-eabi/4.8.4/armv6-m/crtend.o
LOAD c:/program files (x86)/cypress/psoc creator/3.1/psoc creator/import/gnu_cs/arm/4.8.4/bin/../lib/gcc/arm-none-eabi/4.8.4/armv6-m/crtn.o
START GROUP
LOAD c:/program files (x86)/cypress/psoc creator/3.1/psoc creator/import/gnu_cs/arm/4.8.4/bin/../lib/gcc/arm-none-eabi/4.8.4/armv6-m\libgcc.a
LOAD c:/program files (x86)/cypress/psoc creator/3.1/psoc creator/import/gnu_cs/arm/4.8.4/bin/../lib/gcc/arm-none-eabi/4.8.4/../../../../arm-none-eabi/lib/armv6-m\libc.a
LOAD c:/program files (x86)/cypress/psoc creator/3.1/psoc creator/import/gnu_cs/arm/4.8.4/bin/../lib/gcc/arm-none-eabi/4.8.4/../../../../arm-none-eabi/lib/armv6-m\libnosys.a
END GROUP
                0x00000000                CY_APPL_ORIGIN = 0x0
                0x00000080                CY_FLASH_ROW_SIZE = 0x80
                0x00000001                CY_APPL_NUM = 0x1
                0x00000040                CY_METADATA_SIZE = 0x40
                0x200025f8                PROVIDE (__cy_heap_start, _end)
                0x00000001                PROVIDE (__cy_region_num, ((__cy_regions_end - __cy_regions) / 0x10))
                0x20004000                PROVIDE (__cy_stack, (ORIGIN (ram) + 0x4000))
                0x20003800                PROVIDE (__cy_heap_end, (__cy_stack - 0x800))

.cybootloader   0x00000000        0x0
 *(.cybootloader)
                0x00000000                appl1_start = CY_APPL_ORIGIN?CY_APPL_ORIGIN:ALIGN (CY_FLASH_ROW_SIZE)
                0x0000ff80                appl2_start = (appl1_start + ALIGN ((((0x20000 - appl1_start) - (0x2 * CY_FLASH_ROW_SIZE)) / 0x2), CY_FLASH_ROW_SIZE))
                0x00000000                appl_start = (CY_APPL_NUM == 0x1)?appl1_start:appl2_start

.text           0x00000000     0x3258
 CREATE_OBJECT_SYMBOLS
                0x00000000                PROVIDE (__cy_interrupt_vector, RomVectors)
 *(.romvectors)
 .romvectors    0x00000000       0x10 .\CortexM0\ARM_GCC_484\Debug\Cm0Start.o
                0x00000000                RomVectors
                0x00000001                ASSERT ((. != __cy_interrupt_vector), No interrupt vector)
                0x00000001                ASSERT (CY_APPL_ORIGIN?(SIZEOF (.cybootloader) <= CY_APPL_ORIGIN):0x1, Wrong image location)
                0x00000010                PROVIDE (__cy_reset, Reset)
 *(.text.Reset)
 .text.Reset    0x00000010        0x8 .\CortexM0\ARM_GCC_484\Debug\Cm0Start.o
                0x00000010                Reset
                0x00000001                ASSERT ((. != __cy_reset), No reset code)
 *(.psocinit)
 .psocinit      0x00000018      0x340 .\CortexM0\ARM_GCC_484\Debug\BLE Lab 4.a(cyfitter_cfg.o)
                0x000001c8                cyfitter_cfg
                0x00000358                . = MAX (., 0x100)
 *(.text .text.* .gnu.linkonce.t.*)
 .text          0x00000358       0x60 c:/program files (x86)/cypress/psoc creator/3.1/psoc creator/import/gnu_cs/arm/4.8.4/bin/../lib/gcc/arm-none-eabi/4.8.4/armv6-m/crtbegin.o
 .text.main     0x000003b8       0x30 .\CortexM0\ARM_GCC_484\Debug\main.o
                0x000003b8                main
 .text.InitializeSystem
                0x000003e8       0x4c .\CortexM0\ARM_GCC_484\Debug\main.o
 .text.HandleCapSenseSlider
                0x00000434       0x68 .\CortexM0\ARM_GCC_484\Debug\main.o
 .text.CustomEventHandler
                0x0000049c      0x114 .\CortexM0\ARM_GCC_484\Debug\BLEApplications.o
                0x0000049c                CustomEventHandler
 .text.SendCapSenseNotification
                0x000005b0       0x50 .\CortexM0\ARM_GCC_484\Debug\BLEApplications.o
                0x000005b0                SendCapSenseNotification
 .text.UpdateRGBled
                0x00000600       0xc0 .\CortexM0\ARM_GCC_484\Debug\BLEApplications.o
                0x00000600                UpdateRGBled
 .text.UpdateNotificationCCCD
                0x000006c0       0x60 .\CortexM0\ARM_GCC_484\Debug\BLEApplications.o
                0x000006c0                UpdateNotificationCCCD
 .text.IntDefaultHandler
                0x00000720        0x8 .\CortexM0\ARM_GCC_484\Debug\Cm0Start.o
                0x00000720                IntDefaultHandler
 .text.Start_c  0x00000728       0x98 .\CortexM0\ARM_GCC_484\Debug\Cm0Start.o
                0x00000728                Start_c
 .text.initialize_psoc
                0x000007c0       0x70 .\CortexM0\ARM_GCC_484\Debug\Cm0Start.o
                0x000007c0                initialize_psoc
 .text.CYMEMZERO
                0x00000830       0x20 .\CortexM0\ARM_GCC_484\Debug\BLE Lab 4.a(cyfitter_cfg.o)
 .text.cfg_write_bytes32
                0x00000850       0x80 .\CortexM0\ARM_GCC_484\Debug\BLE Lab 4.a(cyfitter_cfg.o)
 .text.AnalogSetDefault
                0x000008d0       0x2c .\CortexM0\ARM_GCC_484\Debug\BLE Lab 4.a(cyfitter_cfg.o)
 .text.SetAnalogRoutingPumps
                0x000008fc       0x70 .\CortexM0\ARM_GCC_484\Debug\BLE Lab 4.a(cyfitter_cfg.o)
                0x000008fc                SetAnalogRoutingPumps
 .text.GREEN_SetDriveMode
                0x0000096c       0x30 .\CortexM0\ARM_GCC_484\Debug\BLE Lab 4.a(GREEN.o)
                0x0000096c                GREEN_SetDriveMode
 .text.RED_SetDriveMode
                0x0000099c       0x30 .\CortexM0\ARM_GCC_484\Debug\BLE Lab 4.a(RED.o)
                0x0000099c                RED_SetDriveMode
 .text.PRS_2_Start
                0x000009cc       0x24 .\CortexM0\ARM_GCC_484\Debug\BLE Lab 4.a(PRS_2.o)
                0x000009cc                PRS_2_Start
 .text.PRS_2_Init
                0x000009f0       0x70 .\CortexM0\ARM_GCC_484\Debug\BLE Lab 4.a(PRS_2.o)
                0x000009f0                PRS_2_Init
 .text.PRS_2_Enable
                0x00000a60       0x1c .\CortexM0\ARM_GCC_484\Debug\BLE Lab 4.a(PRS_2.o)
                0x00000a60                PRS_2_Enable
 .text.PRS_2_WriteSeed
                0x00000a7c       0x34 .\CortexM0\ARM_GCC_484\Debug\BLE Lab 4.a(PRS_2.o)
                0x00000a7c                PRS_2_WriteSeed
 .text.PRS_2_WritePolynomial
                0x00000ab0       0x20 .\CortexM0\ARM_GCC_484\Debug\BLE Lab 4.a(PRS_2.o)
                0x00000ab0                PRS_2_WritePolynomial
 .text.PRS_2_WritePulse0
                0x00000ad0       0x20 .\CortexM0\ARM_GCC_484\Debug\BLE Lab 4.a(PRS_2.o)
                0x00000ad0                PRS_2_WritePulse0
 .text.PRS_2_WritePulse1
                0x00000af0       0x20 .\CortexM0\ARM_GCC_484\Debug\BLE Lab 4.a(PRS_2.o)
                0x00000af0                PRS_2_WritePulse1
 .text.PRS_1_Start
                0x00000b10       0x24 .\CortexM0\ARM_GCC_484\Debug\BLE Lab 4.a(PRS_1.o)
                0x00000b10                PRS_1_Start
 .text.PRS_1_Init
                0x00000b34       0x70 .\CortexM0\ARM_GCC_484\Debug\BLE Lab 4.a(PRS_1.o)
                0x00000b34                PRS_1_Init
 .text.PRS_1_Enable
                0x00000ba4       0x1c .\CortexM0\ARM_GCC_484\Debug\BLE Lab 4.a(PRS_1.o)
                0x00000ba4                PRS_1_Enable
 .text.PRS_1_WriteSeed
                0x00000bc0       0x34 .\CortexM0\ARM_GCC_484\Debug\BLE Lab 4.a(PRS_1.o)
                0x00000bc0                PRS_1_WriteSeed
 .text.PRS_1_WritePolynomial
                0x00000bf4       0x20 .\CortexM0\ARM_GCC_484\Debug\BLE Lab 4.a(PRS_1.o)
                0x00000bf4                PRS_1_WritePolynomial
 .text.PRS_1_WritePulse0
                0x00000c14       0x20 .\CortexM0\ARM_GCC_484\Debug\BLE Lab 4.a(PRS_1.o)
                0x00000c14                PRS_1_WritePulse0
 .text.PRS_1_WritePulse1
                0x00000c34       0x20 .\CortexM0\ARM_GCC_484\Debug\BLE Lab 4.a(PRS_1.o)
                0x00000c34                PRS_1_WritePulse1
 .text.CyBle_Init
                0x00000c54       0x2c .\CortexM0\ARM_GCC_484\Debug\BLE Lab 4.a(BLE_1.o)
                0x00000c54                CyBle_Init
 .text.CyBle_ServiceInit
                0x00000c80        0x8 .\CortexM0\ARM_GCC_484\Debug\BLE Lab 4.a(BLE_1.o)
                0x00000c80                CyBle_ServiceInit
 .text.CyBle_Start
                0x00000c88       0x90 .\CortexM0\ARM_GCC_484\Debug\BLE Lab 4.a(BLE_1.o)
                0x00000c88                CyBle_Start
 .text.CyBle_GappStartAdvertisement
                0x00000d18       0xc4 .\CortexM0\ARM_GCC_484\Debug\BLE Lab 4.a(BLE_1.o)
                0x00000d18                CyBle_GappStartAdvertisement
 .text.CyBle_ChangeAdDeviceAddress
                0x00000ddc       0x60 .\CortexM0\ARM_GCC_484\Debug\BLE Lab 4.a(BLE_1.o)
                0x00000ddc                CyBle_ChangeAdDeviceAddress
 .text.CyBle_Get16ByPtr
                0x00000e3c       0x24 .\CortexM0\ARM_GCC_484\Debug\BLE Lab 4.a(BLE_1.o)
                0x00000e3c                CyBle_Get16ByPtr
 .text.CyBle_GattsWriteEventHandler
                0x00000e60       0xa0 .\CortexM0\ARM_GCC_484\Debug\BLE Lab 4.a(BLE_1_gatt.o)
                0x00000e60                CyBle_GattsWriteEventHandler
 .text.CyBle_WriteReqHandler
                0x00000f00       0x70 .\CortexM0\ARM_GCC_484\Debug\BLE Lab 4.a(BLE_1_eventHandler.o)
 .text.CyBle_ValueConfirmation
                0x00000f70       0x10 .\CortexM0\ARM_GCC_484\Debug\BLE Lab 4.a(BLE_1_eventHandler.o)
 .text.CyBle_GattDisconnectEventHandler
                0x00000f80       0x18 .\CortexM0\ARM_GCC_484\Debug\BLE Lab 4.a(BLE_1_eventHandler.o)
 .text.CyBle_TimeOutEventHandler
                0x00000f98       0x10 .\CortexM0\ARM_GCC_484\Debug\BLE Lab 4.a(BLE_1_eventHandler.o)
 .text.CyBle_GattConnectReqHandler
                0x00000fa8        0x8 .\CortexM0\ARM_GCC_484\Debug\BLE Lab 4.a(BLE_1_eventHandler.o)
 .text.CyBle_IsDeviceAddressValid
                0x00000fb0       0x60 .\CortexM0\ARM_GCC_484\Debug\BLE Lab 4.a(BLE_1_eventHandler.o)
 .text.CyBle_L2Cap_ConnParamUpdateRspEventHandler
                0x00001010       0x14 .\CortexM0\ARM_GCC_484\Debug\BLE Lab 4.a(BLE_1_eventHandler.o)
 .text.CyBle_GapConnUpdateCompleteEventHandler
                0x00001024       0x10 .\CortexM0\ARM_GCC_484\Debug\BLE Lab 4.a(BLE_1_eventHandler.o)
 .text.CyBle_EventHandler
                0x00001034      0x2b4 .\CortexM0\ARM_GCC_484\Debug\BLE Lab 4.a(BLE_1_eventHandler.o)
                0x00001034                CyBle_EventHandler
 .text.CapSense_Init
                0x000012e8       0x3c .\CortexM0\ARM_GCC_484\Debug\BLE Lab 4.a(CapSense.o)
                0x000012e8                CapSense_Init
 .text.CapSense_CsdHwBlockInit
                0x00001324       0xbc .\CortexM0\ARM_GCC_484\Debug\BLE Lab 4.a(CapSense.o)
                0x00001324                CapSense_CsdHwBlockInit
 .text.CapSense_Enable
                0x000013e0       0x54 .\CortexM0\ARM_GCC_484\Debug\BLE Lab 4.a(CapSense.o)
                0x000013e0                CapSense_Enable
 .text.CapSense_Start
                0x00001434       0x44 .\CortexM0\ARM_GCC_484\Debug\BLE Lab 4.a(CapSense.o)
                0x00001434                CapSense_Start
 .text.CapSense_FindNextSensor
                0x00001478       0x48 .\CortexM0\ARM_GCC_484\Debug\BLE Lab 4.a(CapSense.o)
                0x00001478                CapSense_FindNextSensor
 .text.CapSense_ScanSensor
                0x000014c0       0x34 .\CortexM0\ARM_GCC_484\Debug\BLE Lab 4.a(CapSense.o)
                0x000014c0                CapSense_ScanSensor
 .text.CapSense_ScanEnabledWidgets
                0x000014f4       0x58 .\CortexM0\ARM_GCC_484\Debug\BLE Lab 4.a(CapSense.o)
                0x000014f4                CapSense_ScanEnabledWidgets
 .text.CapSense_IsBusy
                0x0000154c       0x1c .\CortexM0\ARM_GCC_484\Debug\BLE Lab 4.a(CapSense.o)
                0x0000154c                CapSense_IsBusy
 .text.CapSense_ReadSensorRaw
                0x00001568       0x1c .\CortexM0\ARM_GCC_484\Debug\BLE Lab 4.a(CapSense.o)
                0x00001568                CapSense_ReadSensorRaw
 .text.CapSense_ClearSensors
                0x00001584       0x28 .\CortexM0\ARM_GCC_484\Debug\BLE Lab 4.a(CapSense.o)
                0x00001584                CapSense_ClearSensors
 .text.CapSense_EnableSensor
                0x000015ac       0xcc .\CortexM0\ARM_GCC_484\Debug\BLE Lab 4.a(CapSense.o)
                0x000015ac                CapSense_EnableSensor
 .text.CapSense_DisableSensor
                0x00001678      0x120 .\CortexM0\ARM_GCC_484\Debug\BLE Lab 4.a(CapSense.o)
                0x00001678                CapSense_DisableSensor
 .text.CapSense_PreScan
                0x00001798      0x180 .\CortexM0\ARM_GCC_484\Debug\BLE Lab 4.a(CapSense.o)
                0x00001798                CapSense_PreScan
 .text.CapSense_PostScan
                0x00001918       0xc8 .\CortexM0\ARM_GCC_484\Debug\BLE Lab 4.a(CapSense.o)
                0x00001918                CapSense_PostScan
 .text.CapSense_SetShieldDelay
                0x000019e0       0x30 .\CortexM0\ARM_GCC_484\Debug\BLE Lab 4.a(CapSense.o)
                0x000019e0                CapSense_SetShieldDelay
 .text.CapSense_GetBitValue
                0x00001a10       0x44 .\CortexM0\ARM_GCC_484\Debug\BLE Lab 4.a(CapSense.o)
                0x00001a10                CapSense_GetBitValue
 .text.CapSense_SetBitValue
                0x00001a54       0x68 .\CortexM0\ARM_GCC_484\Debug\BLE Lab 4.a(CapSense.o)
                0x00001a54                CapSense_SetBitValue
 .text.CapSense_GetSensorRaw
                0x00001abc       0x50 .\CortexM0\ARM_GCC_484\Debug\BLE Lab 4.a(CapSense.o)
                0x00001abc                CapSense_GetSensorRaw
 .text.CapSense_NormalizeWidgets
                0x00001b0c       0x9c .\CortexM0\ARM_GCC_484\Debug\BLE Lab 4.a(CapSense.o)
                0x00001b0c                CapSense_NormalizeWidgets
 .text.CapSense_BaseInit
                0x00001ba8       0x58 .\CortexM0\ARM_GCC_484\Debug\BLE Lab 4.a(CapSense_CSHL.o)
                0x00001ba8                CapSense_BaseInit
 .text.CapSense_InitializeSensorBaseline
                0x00001c00       0x2c .\CortexM0\ARM_GCC_484\Debug\BLE Lab 4.a(CapSense_CSHL.o)
                0x00001c00                CapSense_InitializeSensorBaseline
 .text.CapSense_InitializeAllBaselines
                0x00001c2c       0x28 .\CortexM0\ARM_GCC_484\Debug\BLE Lab 4.a(CapSense_CSHL.o)
                0x00001c2c                CapSense_InitializeAllBaselines
 .text.CapSense_UpdateBaselineNoThreshold
                0x00001c54      0x228 .\CortexM0\ARM_GCC_484\Debug\BLE Lab 4.a(CapSense_CSHL.o)
                0x00001c54                CapSense_UpdateBaselineNoThreshold
 .text.CapSense_UpdateSensorBaseline
                0x00001e7c       0x20 .\CortexM0\ARM_GCC_484\Debug\BLE Lab 4.a(CapSense_CSHL.o)
                0x00001e7c                CapSense_UpdateSensorBaseline
 .text.CapSense_UpdateEnabledBaselines
                0x00001e9c       0x40 .\CortexM0\ARM_GCC_484\Debug\BLE Lab 4.a(CapSense_CSHL.o)
                0x00001e9c                CapSense_UpdateEnabledBaselines
 .text.CapSense_FindMaximum
                0x00001edc       0xac .\CortexM0\ARM_GCC_484\Debug\BLE Lab 4.a(CapSense_CSHL.o)
                0x00001edc                CapSense_FindMaximum
 .text.CapSense_CalcCentroid
                0x00001f88      0x194 .\CortexM0\ARM_GCC_484\Debug\BLE Lab 4.a(CapSense_CSHL.o)
                0x00001f88                CapSense_CalcCentroid
 .text.CapSense_GetCentroidPos
                0x0000211c      0x1bc .\CortexM0\ARM_GCC_484\Debug\BLE Lab 4.a(CapSense_CSHL.o)
                0x0000211c                CapSense_GetCentroidPos
 .text.CapSense_AveragingFilter
                0x000022d8       0x3c .\CortexM0\ARM_GCC_484\Debug\BLE Lab 4.a(CapSense_CSHL.o)
                0x000022d8                CapSense_AveragingFilter
 .text.CapSense_IIR4Filter
                0x00002314       0x3c .\CortexM0\ARM_GCC_484\Debug\BLE Lab 4.a(CapSense_CSHL.o)
                0x00002314                CapSense_IIR4Filter
 .text.CapSense_ISR
                0x00002350       0xd4 .\CortexM0\ARM_GCC_484\Debug\BLE Lab 4.a(CapSense_INT.o)
                0x00002350                CapSense_ISR
 .text.CapSense_AutoTune
                0x00002424      0x104 .\CortexM0\ARM_GCC_484\Debug\BLE Lab 4.a(CapSense_SMS.o)
                0x00002424                CapSense_AutoTune
 .text.CapSense_UpdateThresholds
                0x00002528       0xec .\CortexM0\ARM_GCC_484\Debug\BLE Lab 4.a(CapSense_SMS.o)
                0x00002528                CapSense_UpdateThresholds
 .text.CapSense_SetAnalogSwitchesSrcDirect
                0x00002614       0x18 .\CortexM0\ARM_GCC_484\Debug\BLE Lab 4.a(CapSense_SMS.o)
                0x00002614                CapSense_SetAnalogSwitchesSrcDirect
 .text.CapSense_DisableBaselineIDAC
                0x0000262c       0x34 .\CortexM0\ARM_GCC_484\Debug\BLE Lab 4.a(CapSense_SMS.o)
                0x0000262c                CapSense_DisableBaselineIDAC
 .text.CapSense_EnableBaselineIDAC
                0x00002660       0x8c .\CortexM0\ARM_GCC_484\Debug\BLE Lab 4.a(CapSense_SMS.o)
                0x00002660                CapSense_EnableBaselineIDAC
 .text.BLUE_SetDriveMode
                0x000026ec       0x30 .\CortexM0\ARM_GCC_484\Debug\BLE Lab 4.a(BLUE.o)
                0x000026ec                BLUE_SetDriveMode
 .text.CapSense_SampleClk_StartEx
                0x0000271c       0x2c .\CortexM0\ARM_GCC_484\Debug\BLE Lab 4.a(CapSense_SampleClk.o)
                0x0000271c                CapSense_SampleClk_StartEx
 .text.CapSense_SampleClk_Stop
                0x00002748       0x20 .\CortexM0\ARM_GCC_484\Debug\BLE Lab 4.a(CapSense_SampleClk.o)
                0x00002748                CapSense_SampleClk_Stop
 .text.CapSense_SampleClk_SetFractionalDividerRegister
                0x00002768       0x44 .\CortexM0\ARM_GCC_484\Debug\BLE Lab 4.a(CapSense_SampleClk.o)
                0x00002768                CapSense_SampleClk_SetFractionalDividerRegister
 .text.CapSense_SenseClk_StartEx
                0x000027ac       0x2c .\CortexM0\ARM_GCC_484\Debug\BLE Lab 4.a(CapSense_SenseClk.o)
                0x000027ac                CapSense_SenseClk_StartEx
 .text.CapSense_SenseClk_Stop
                0x000027d8       0x20 .\CortexM0\ARM_GCC_484\Debug\BLE Lab 4.a(CapSense_SenseClk.o)
                0x000027d8                CapSense_SenseClk_Stop
 .text.CapSense_SenseClk_SetFractionalDividerRegister
                0x000027f8       0x44 .\CortexM0\ARM_GCC_484\Debug\BLE Lab 4.a(CapSense_SenseClk.o)
                0x000027f8                CapSense_SenseClk_SetFractionalDividerRegister
 *fill*         0x0000283c        0x4 
 .text          0x00002840       0x20 .\CortexM0\ARM_GCC_484\Debug\BLE Lab 4.a(CyBootAsmGnu.o)
                0x00002840                CyDelayCycles
                0x00002852                CyEnterCriticalSection
                0x0000285a                CyExitCriticalSection
 .text.CySysClkWcoSetHighPowerMode
                0x00002860       0x3c .\CortexM0\ARM_GCC_484\Debug\BLE Lab 4.a(CyLib.o)
 .text.CySysClkWcoSetLowPowerMode
                0x0000289c       0x48 .\CortexM0\ARM_GCC_484\Debug\BLE Lab 4.a(CyLib.o)
 .text.CySysClkEcoStart
                0x000028e4       0x74 .\CortexM0\ARM_GCC_484\Debug\BLE Lab 4.a(CyLib.o)
                0x000028e4                CySysClkEcoStart
 .text.CySysClkEcoReadStatus
                0x00002958       0x18 .\CortexM0\ARM_GCC_484\Debug\BLE Lab 4.a(CyLib.o)
                0x00002958                CySysClkEcoReadStatus
 .text.CySysClkWcoStart
                0x00002970       0x20 .\CortexM0\ARM_GCC_484\Debug\BLE Lab 4.a(CyLib.o)
                0x00002970                CySysClkWcoStart
 .text.CySysClkWcoSetPowerMode
                0x00002990       0x40 .\CortexM0\ARM_GCC_484\Debug\BLE Lab 4.a(CyLib.o)
                0x00002990                CySysClkWcoSetPowerMode
 .text.CyIntSetVector
                0x000029d0       0x4c .\CortexM0\ARM_GCC_484\Debug\BLE Lab 4.a(CyLib.o)
                0x000029d0                CyIntSetVector
 .text.CyIntSetPriority
                0x00002a1c       0xa8 .\CortexM0\ARM_GCC_484\Debug\BLE Lab 4.a(CyLib.o)
                0x00002a1c                CyIntSetPriority
 .text.CyIntEnable
                0x00002ac4       0x2c .\CortexM0\ARM_GCC_484\Debug\BLE Lab 4.a(CyLib.o)
                0x00002ac4                CyIntEnable
 .text.CyIntDisable
                0x00002af0       0x2c .\CortexM0\ARM_GCC_484\Debug\BLE Lab 4.a(CyLib.o)
                0x00002af0                CyIntDisable
 .text.CyIntClearPending
                0x00002b1c       0x2c .\CortexM0\ARM_GCC_484\Debug\BLE Lab 4.a(CyLib.o)
                0x00002b1c                CyIntClearPending
 .text.CyHalt   0x00002b48       0x14 .\CortexM0\ARM_GCC_484\Debug\BLE Lab 4.a(CyLib.o)
                0x00002b48                CyHalt
 .text.CyDelay  0x00002b5c       0x48 .\CortexM0\ARM_GCC_484\Debug\BLE Lab 4.a(CyLib.o)
                0x00002b5c                CyDelay
 .text.CyDelayUs
                0x00002ba4       0x28 .\CortexM0\ARM_GCC_484\Debug\BLE Lab 4.a(CyLib.o)
                0x00002ba4                CyDelayUs
 .text.CalibrateOneDAC_P4_v2_10
                0x00002bcc       0x44 C:\Program Files (x86)\Cypress\PSoC Creator\3.1\PSoC Creator\psoc\content\cycomponentlibrary\CyComponentLibrary.cylib\CapSense_CSD_P4_v2_10\PSoC4\Library\CapsenseP4Library_GCC.a(CSD_P4_SmartSense_v2_10.o)
                0x00002bcc                CalibrateOneDAC_P4_v2_10
 .text.CalibrateSensors_P4_v2_10
                0x00002c10       0x22 C:\Program Files (x86)\Cypress\PSoC Creator\3.1\PSoC Creator\psoc\content\cycomponentlibrary\CyComponentLibrary.cylib\CapSense_CSD_P4_v2_10\PSoC4\Library\CapsenseP4Library_GCC.a(CSD_P4_SmartSense_v2_10.o)
                0x00002c10                CalibrateSensors_P4_v2_10
 *fill*         0x00002c32        0x2 
 .text.TunePrescalers_P4_v2_10
                0x00002c34       0x48 C:\Program Files (x86)\Cypress\PSoC Creator\3.1\PSoC Creator\psoc\content\cycomponentlibrary\CyComponentLibrary.cylib\CapSense_CSD_P4_v2_10\PSoC4\Library\CapsenseP4Library_GCC.a(CSD_P4_SmartSense_v2_10.o)
                0x00002c34                TunePrescalers_P4_v2_10
 .text.TuneSensitivity_P4_v2_10
                0x00002c7c      0x100 C:\Program Files (x86)\Cypress\PSoC Creator\3.1\PSoC Creator\psoc\content\cycomponentlibrary\CyComponentLibrary.cylib\CapSense_CSD_P4_v2_10\PSoC4\Library\CapsenseP4Library_GCC.a(CSD_P4_SmartSense_v2_10.o)
                0x00002c7c                TuneSensitivity_P4_v2_10
 .text.MeasureNoiseEnvelope_P4_v2_10
                0x00002d7c      0x118 C:\Program Files (x86)\Cypress\PSoC Creator\3.1\PSoC Creator\psoc\content\cycomponentlibrary\CyComponentLibrary.cylib\CapSense_CSD_P4_v2_10\PSoC4\Library\CapsenseP4Library_GCC.a(CSD_P4_SmartSense_v2_10.o)
                0x00002d7c                MeasureNoiseEnvelope_P4_v2_10
 .text.CalculateThresholds_P4_v2_10
                0x00002e94       0x44 C:\Program Files (x86)\Cypress\PSoC Creator\3.1\PSoC Creator\psoc\content\cycomponentlibrary\CyComponentLibrary.cylib\CapSense_CSD_P4_v2_10\PSoC4\Library\CapsenseP4Library_GCC.a(CSD_P4_SmartSense_v2_10.o)
                0x00002e94                CalculateThresholds_P4_v2_10
 .text.CyBLE_Bless_LlRegWrite
                0x00002ed8       0x1c .\CortexM0\ARM_GCC_484\Debug\BLE Lab 4.a(BLE_1_HAL_PVT.o)
                0x00002ed8                CyBLE_Bless_LlRegWrite
 .text.CyBLE_Bless_RfRegWrite
                0x00002ef4       0x1c .\CortexM0\ARM_GCC_484\Debug\BLE Lab 4.a(BLE_1_HAL_PVT.o)
                0x00002ef4                CyBLE_Bless_RfRegWrite
 .text.CyBleHal_DelayUs
                0x00002f10       0x1c .\CortexM0\ARM_GCC_484\Debug\BLE Lab 4.a(BLE_1_HAL_PVT.o)
                0x00002f10                CyBleHal_DelayUs
 .text.CyBleHal_EnableGlobalInterrupts
                0x00002f2c        0xc .\CortexM0\ARM_GCC_484\Debug\BLE Lab 4.a(BLE_1_HAL_PVT.o)
                0x00002f2c                CyBleHal_EnableGlobalInterrupts
 .text.CyBleHal_DisableGlobalInterrupts
                0x00002f38        0xc .\CortexM0\ARM_GCC_484\Debug\BLE Lab 4.a(BLE_1_HAL_PVT.o)
                0x00002f38                CyBleHal_DisableGlobalInterrupts
 .text.CyBle_HalInit
                0x00002f44       0x20 .\CortexM0\ARM_GCC_484\Debug\BLE Lab 4.a(BLE_1_HAL_PVT.o)
                0x00002f44                CyBle_HalInit
 .text.CYBLE_BlessStart
                0x00002f64       0x14 .\CortexM0\ARM_GCC_484\Debug\BLE Lab 4.a(BLE_1_HAL_PVT.o)
                0x00002f64                CYBLE_BlessStart
 .text.BLE_1_bless_isr_StartEx
                0x00002f78       0x24 .\CortexM0\ARM_GCC_484\Debug\BLE Lab 4.a(BLE_1_bless_isr.o)
                0x00002f78                BLE_1_bless_isr_StartEx
 .text.BLE_1_bless_isr_SetVector
                0x00002f9c       0x18 .\CortexM0\ARM_GCC_484\Debug\BLE Lab 4.a(BLE_1_bless_isr.o)
                0x00002f9c                BLE_1_bless_isr_SetVector
 .text.BLE_1_bless_isr_SetPriority
                0x00002fb4       0x50 .\CortexM0\ARM_GCC_484\Debug\BLE Lab 4.a(BLE_1_bless_isr.o)
                0x00002fb4                BLE_1_bless_isr_SetPriority
 .text.BLE_1_bless_isr_Enable
                0x00003004       0x14 .\CortexM0\ARM_GCC_484\Debug\BLE Lab 4.a(BLE_1_bless_isr.o)
                0x00003004                BLE_1_bless_isr_Enable
 .text.BLE_1_bless_isr_Disable
                0x00003018       0x14 .\CortexM0\ARM_GCC_484\Debug\BLE Lab 4.a(BLE_1_bless_isr.o)
                0x00003018                BLE_1_bless_isr_Disable
 .text.CySysPmSleep
                0x0000302c       0x34 .\CortexM0\ARM_GCC_484\Debug\BLE Lab 4.a(cyPm.o)
                0x0000302c                CySysPmSleep
 .text.CyBLE_Bless_Interrupt
                0x00003060        0xc .\CortexM0\ARM_GCC_484\Debug\BLE Lab 4.a(BLE_1_HAL_INT.o)
                0x00003060                CyBLE_Bless_Interrupt
 .text          0x0000306c       0x9c c:/program files (x86)/cypress/psoc creator/3.1/psoc creator/import/gnu_cs/arm/4.8.4/bin/../lib/gcc/arm-none-eabi/4.8.4/armv6-m\libgcc.a(_udivsi3.o)
                0x0000306c                __aeabi_uidiv
                0x0000306c                __udivsi3
                0x000030f4                __aeabi_uidivmod
 .text          0x00003108       0xc0 c:/program files (x86)/cypress/psoc creator/3.1/psoc creator/import/gnu_cs/arm/4.8.4/bin/../lib/gcc/arm-none-eabi/4.8.4/armv6-m\libgcc.a(_divsi3.o)
                0x00003108                __divsi3
                0x00003108                __aeabi_idiv
                0x000031b4                __aeabi_idivmod
 .text          0x000031c8        0x4 c:/program files (x86)/cypress/psoc creator/3.1/psoc creator/import/gnu_cs/arm/4.8.4/bin/../lib/gcc/arm-none-eabi/4.8.4/armv6-m\libgcc.a(_dvmd_tls.o)
                0x000031c8                __aeabi_idiv0
                0x000031c8                __aeabi_ldiv0
 .text.__libc_init_array
                0x000031cc       0x4c c:/program files (x86)/cypress/psoc creator/3.1/psoc creator/import/gnu_cs/arm/4.8.4/bin/../lib/gcc/arm-none-eabi/4.8.4/../../../../arm-none-eabi/lib/armv6-m\libg_s.a(lib_a-init.o)
                0x000031cc                __libc_init_array
 .text.memcmp   0x00003218       0x1e c:/program files (x86)/cypress/psoc creator/3.1/psoc creator/import/gnu_cs/arm/4.8.4/bin/../lib/gcc/arm-none-eabi/4.8.4/../../../../arm-none-eabi/lib/armv6-m\libg_s.a(lib_a-memcmp.o)
                0x00003218                memcmp
 .text.memcpy   0x00003236       0x12 c:/program files (x86)/cypress/psoc creator/3.1/psoc creator/import/gnu_cs/arm/4.8.4/bin/../lib/gcc/arm-none-eabi/4.8.4/../../../../arm-none-eabi/lib/armv6-m\libg_s.a(lib_a-memcpy-stub.o)
                0x00003236                memcpy
 .text.memset   0x00003248       0x10 c:/program files (x86)/cypress/psoc creator/3.1/psoc creator/import/gnu_cs/arm/4.8.4/bin/../lib/gcc/arm-none-eabi/4.8.4/../../../../arm-none-eabi/lib/armv6-m\libg_s.a(lib_a-memset.o)
                0x00003248                memset
 *(.plt)
 *(.gnu.warning)
 *(.glue_7t)
 .glue_7t       0x00000000        0x0 linker stubs
 *(.glue_7)
 .glue_7        0x00000000        0x0 linker stubs
 *(.vfp11_veneer)
 .vfp11_veneer  0x00000000        0x0 linker stubs
 *(.bootloader)
 *(.ARM.extab* .gnu.linkonce.armextab.*)
 *(.gcc_except_table)

.v4_bx          0x00003258        0x0
 .v4_bx         0x00000000        0x0 linker stubs

.iplt           0x00003258        0x0
 .iplt          0x00000000        0x0 c:/program files (x86)/cypress/psoc creator/3.1/psoc creator/import/gnu_cs/arm/4.8.4/bin/../lib/gcc/arm-none-eabi/4.8.4/armv6-m/crtbegin.o

i.CyBle_ExitLPM
                0x00003258        0x8
 i.CyBle_ExitLPM
                0x00003258        0x8 C:\Program Files (x86)\Cypress\PSoC Creator\3.1\PSoC Creator\psoc\content\cycomponentlibrary\CyComponentLibrary.cylib\BLE_v1_20\Library\gccCyBLEStack_BLE_SOC_PERIPHERAL.a(CyBle.o)
                0x00003258                CyBle_ExitLPM

i.CyBle_ProcessEvents
                0x00003260        0x8
 i.CyBle_ProcessEvents
                0x00003260        0x8 C:\Program Files (x86)\Cypress\PSoC Creator\3.1\PSoC Creator\psoc\content\cycomponentlibrary\CyComponentLibrary.cylib\BLE_v1_20\Library\gccCyBLEStack_BLE_SOC_PERIPHERAL.a(CyBle.o)
                0x00003260                CyBle_ProcessEvents

i.CyBle_SetDeviceAddress
                0x00003268       0x24
 i.CyBle_SetDeviceAddress
                0x00003268       0x24 C:\Program Files (x86)\Cypress\PSoC Creator\3.1\PSoC Creator\psoc\content\cycomponentlibrary\CyComponentLibrary.cylib\BLE_v1_20\Library\gccCyBLEStack_BLE_SOC_PERIPHERAL.a(CyBle.o)
                0x00003268                CyBle_SetDeviceAddress

i.CyBle_StackInit
                0x0000328c       0x84
 i.CyBle_StackInit
                0x0000328c       0x84 C:\Program Files (x86)\Cypress\PSoC Creator\3.1\PSoC Creator\psoc\content\cycomponentlibrary\CyComponentLibrary.cylib\BLE_v1_20\Library\gccCyBLEStack_BLE_SOC_PERIPHERAL.a(CyBle.o)
                0x0000328c                CyBle_StackInit

i.CyBleStackMgr_BleGetConfigData
                0x00003310        0x4
 i.CyBleStackMgr_BleGetConfigData
                0x00003310        0x4 C:\Program Files (x86)\Cypress\PSoC Creator\3.1\PSoC Creator\psoc\content\cycomponentlibrary\CyComponentLibrary.cylib\BLE_v1_20\Library\gccCyBLEStack_BLE_SOC_PERIPHERAL.a(CyBleStackMgrIP_Interface.o)
                0x00003310                CyBleStackMgr_BleGetConfigData

i.CyBleStackMgr_BleSetConfigData
                0x00003314        0x4
 i.CyBleStackMgr_BleSetConfigData
                0x00003314        0x4 C:\Program Files (x86)\Cypress\PSoC Creator\3.1\PSoC Creator\psoc\content\cycomponentlibrary\CyComponentLibrary.cylib\BLE_v1_20\Library\gccCyBLEStack_BLE_SOC_PERIPHERAL.a(CyBleStackMgrIP_Interface.o)
                0x00003314                CyBleStackMgr_BleSetConfigData

i.CyBleStackMgr_Init
                0x00003318      0x104
 i.CyBleStackMgr_Init
                0x00003318      0x104 C:\Program Files (x86)\Cypress\PSoC Creator\3.1\PSoC Creator\psoc\content\cycomponentlibrary\CyComponentLibrary.cylib\BLE_v1_20\Library\gccCyBLEStack_BLE_SOC_PERIPHERAL.a(CyBleStackMgrIP_Interface.o)
                0x00003318                CyBleStackMgr_Init

i.CyBleStackMgr_ProcessBleEvents
                0x0000341c       0x14
 i.CyBleStackMgr_ProcessBleEvents
                0x0000341c       0x14 C:\Program Files (x86)\Cypress\PSoC Creator\3.1\PSoC Creator\psoc\content\cycomponentlibrary\CyComponentLibrary.cylib\BLE_v1_20\Library\gccCyBLEStack_BLE_SOC_PERIPHERAL.a(CyBleStackMgrIP_Interface.o)
                0x0000341c                CyBleStackMgr_ProcessBleEvents

i.ble_stack_idle_task_callback
                0x00003430        0x2
 i.ble_stack_idle_task_callback
                0x00003430        0x2 C:\Program Files (x86)\Cypress\PSoC Creator\3.1\PSoC Creator\psoc\content\cycomponentlibrary\CyComponentLibrary.cylib\BLE_v1_20\Library\gccCyBLEStack_BLE_SOC_PERIPHERAL.a(CyBleStackMgrIP_Interface.o)
                0x00003430                ble_stack_idle_task_callback

i.BT_OSFreeBuf  0x00003434       0x18
 i.BT_OSFreeBuf
                0x00003434       0x18 C:\Program Files (x86)\Cypress\PSoC Creator\3.1\PSoC Creator\psoc\content\cycomponentlibrary\CyComponentLibrary.cylib\BLE_v1_20\Library\gccCyBLEStack_BLE_SOC_PERIPHERAL.a(BT_os.o)
                0x00003434                BT_OSFreeBuf

i.BT_OSGetBuF   0x0000344c       0x1c
 i.BT_OSGetBuF  0x0000344c       0x1c C:\Program Files (x86)\Cypress\PSoC Creator\3.1\PSoC Creator\psoc\content\cycomponentlibrary\CyComponentLibrary.cylib\BLE_v1_20\Library\gccCyBLEStack_BLE_SOC_PERIPHERAL.a(BT_os.o)
                0x0000344c                BT_OSGetBuF

i.BT_OSMemCreate
                0x00003468       0x1c
 i.BT_OSMemCreate
                0x00003468       0x1c C:\Program Files (x86)\Cypress\PSoC Creator\3.1\PSoC Creator\psoc\content\cycomponentlibrary\CyComponentLibrary.cylib\BLE_v1_20\Library\gccCyBLEStack_BLE_SOC_PERIPHERAL.a(BT_os.o)
                0x00003468                BT_OSMemCreate

i.BT_alloc_mem_ext
                0x00003484       0x34
 i.BT_alloc_mem_ext
                0x00003484       0x34 C:\Program Files (x86)\Cypress\PSoC Creator\3.1\PSoC Creator\psoc\content\cycomponentlibrary\CyComponentLibrary.cylib\BLE_v1_20\Library\gccCyBLEStack_BLE_SOC_PERIPHERAL.a(BT_os.o)
                0x00003484                BT_alloc_mem_ext

i.BT_free_mem   0x000034b8        0xc
 i.BT_free_mem  0x000034b8        0xc C:\Program Files (x86)\Cypress\PSoC Creator\3.1\PSoC Creator\psoc\content\cycomponentlibrary\CyComponentLibrary.cylib\BLE_v1_20\Library\gccCyBLEStack_BLE_SOC_PERIPHERAL.a(BT_os.o)
                0x000034b8                BT_free_mem

i.bt_stack_init_os
                0x000034c4       0x34
 i.bt_stack_init_os
                0x000034c4       0x34 C:\Program Files (x86)\Cypress\PSoC Creator\3.1\PSoC Creator\psoc\content\cycomponentlibrary\CyComponentLibrary.cylib\BLE_v1_20\Library\gccCyBLEStack_BLE_SOC_PERIPHERAL.a(BT_os.o)
                0x000034c4                bt_stack_init_os

i.CyBle_CheckBleStackTaskStatus
                0x000034f8        0x4
 i.CyBle_CheckBleStackTaskStatus
                0x000034f8        0x4 C:\Program Files (x86)\Cypress\PSoC Creator\3.1\PSoC Creator\psoc\content\cycomponentlibrary\CyComponentLibrary.cylib\BLE_v1_20\Library\gccCyBLEStack_BLE_SOC_PERIPHERAL.a(CyBleStackMgr_StackTaskHandler.o)
                0x000034f8                CyBle_CheckBleStackTaskStatus

i.CyBle_CreateBleStackTask
                0x000034fc       0x2c
 i.CyBle_CreateBleStackTask
                0x000034fc       0x2c C:\Program Files (x86)\Cypress\PSoC Creator\3.1\PSoC Creator\psoc\content\cycomponentlibrary\CyComponentLibrary.cylib\BLE_v1_20\Library\gccCyBLEStack_BLE_SOC_PERIPHERAL.a(CyBleStackMgr_StackTaskHandler.o)
                0x000034fc                CyBle_CreateBleStackTask

i.CyBle_SignalBleStackTask
                0x00003528       0x50
 i.CyBle_SignalBleStackTask
                0x00003528       0x50 C:\Program Files (x86)\Cypress\PSoC Creator\3.1\PSoC Creator\psoc\content\cycomponentlibrary\CyComponentLibrary.cylib\BLE_v1_20\Library\gccCyBLEStack_BLE_SOC_PERIPHERAL.a(CyBleStackMgr_StackTaskHandler.o)
                0x00003528                CyBle_SignalBleStackTask

i.CyBle_StackTaskHandler
                0x00003578       0x5c
 i.CyBle_StackTaskHandler
                0x00003578       0x5c C:\Program Files (x86)\Cypress\PSoC Creator\3.1\PSoC Creator\psoc\content\cycomponentlibrary\CyComponentLibrary.cylib\BLE_v1_20\Library\gccCyBLEStack_BLE_SOC_PERIPHERAL.a(CyBleStackMgr_StackTaskHandler.o)
                0x00003578                CyBle_StackTaskHandler

i.__ARM_common_switch8
                0x000035d4       0x1a
 i.__ARM_common_switch8
                0x000035d4       0x1a C:\Program Files (x86)\Cypress\PSoC Creator\3.1\PSoC Creator\psoc\content\cycomponentlibrary\CyComponentLibrary.cylib\BLE_v1_20\Library\gccCyBLEStack_BLE_SOC_PERIPHERAL.a(CyBleStackMgr_StackTaskHandler.o)
                0x000035d4                __ARM_common_switch8

i.hci_soft_transport_notify_data_received
                0x000035f0        0xc
 i.hci_soft_transport_notify_data_received
                0x000035f0        0xc C:\Program Files (x86)\Cypress\PSoC Creator\3.1\PSoC Creator\psoc\content\cycomponentlibrary\CyComponentLibrary.cylib\BLE_v1_20\Library\gccCyBLEStack_BLE_SOC_PERIPHERAL.a(transport_sf.o)
                0x000035f0                hci_soft_transport_notify_data_received

i.hci_soft_transport_rx_data
                0x000035fc       0x40
 i.hci_soft_transport_rx_data
                0x000035fc       0x40 C:\Program Files (x86)\Cypress\PSoC Creator\3.1\PSoC Creator\psoc\content\cycomponentlibrary\CyComponentLibrary.cylib\BLE_v1_20\Library\gccCyBLEStack_BLE_SOC_PERIPHERAL.a(transport_sf.o)
                0x000035fc                hci_soft_transport_rx_data

i.hci_transport_bt_init
                0x0000363c        0x2
 i.hci_transport_bt_init
                0x0000363c        0x2 C:\Program Files (x86)\Cypress\PSoC Creator\3.1\PSoC Creator\psoc\content\cycomponentlibrary\CyComponentLibrary.cylib\BLE_v1_20\Library\gccCyBLEStack_BLE_SOC_PERIPHERAL.a(transport_sf.o)
                0x0000363c                hci_transport_bt_init

i.hci_transport_init
                0x00003640       0x10
 i.hci_transport_init
                0x00003640       0x10 C:\Program Files (x86)\Cypress\PSoC Creator\3.1\PSoC Creator\psoc\content\cycomponentlibrary\CyComponentLibrary.cylib\BLE_v1_20\Library\gccCyBLEStack_BLE_SOC_PERIPHERAL.a(transport_sf.o)
                0x00003640                hci_transport_init

i.hci_transport_write_data
                0x00003650       0xd4
 i.hci_transport_write_data
                0x00003650       0xd4 C:\Program Files (x86)\Cypress\PSoC Creator\3.1\PSoC Creator\psoc\content\cycomponentlibrary\CyComponentLibrary.cylib\BLE_v1_20\Library\gccCyBLEStack_BLE_SOC_PERIPHERAL.a(transport_sf.o)
                0x00003650                hci_transport_write_data

i.pf_hci_soft_transport_write
                0x00003724       0x44
 i.pf_hci_soft_transport_write
                0x00003724       0x44 C:\Program Files (x86)\Cypress\PSoC Creator\3.1\PSoC Creator\psoc\content\cycomponentlibrary\CyComponentLibrary.cylib\BLE_v1_20\Library\gccCyBLEStack_BLE_SOC_PERIPHERAL.a(transport_sf.o)
                0x00003724                pf_hci_soft_transport_write

i.pf_soft_hci_transport_init
                0x00003768        0xc
 i.pf_soft_hci_transport_init
                0x00003768        0xc C:\Program Files (x86)\Cypress\PSoC Creator\3.1\PSoC Creator\psoc\content\cycomponentlibrary\CyComponentLibrary.cylib\BLE_v1_20\Library\gccCyBLEStack_BLE_SOC_PERIPHERAL.a(transport_sf.o)
                0x00003768                pf_soft_hci_transport_init

i.CyBleStackMgr_GetTime
                0x00003774       0x14
 i.CyBleStackMgr_GetTime
                0x00003774       0x14 C:\Program Files (x86)\Cypress\PSoC Creator\3.1\PSoC Creator\psoc\content\cycomponentlibrary\CyComponentLibrary.cylib\BLE_v1_20\Library\gccCyBLEStack_BLE_SOC_PERIPHERAL.a(CyBleStackMgr_PSoCHal.o)
                0x00003774                CyBleStackMgr_GetTime

i.CyBleStackMgr_HalInit
                0x00003788       0x24
 i.CyBleStackMgr_HalInit
                0x00003788       0x24 C:\Program Files (x86)\Cypress\PSoC Creator\3.1\PSoC Creator\psoc\content\cycomponentlibrary\CyComponentLibrary.cylib\BLE_v1_20\Library\gccCyBLEStack_BLE_SOC_PERIPHERAL.a(CyBleStackMgr_PSoCHal.o)
                0x00003788                CyBleStackMgr_HalInit

i.CyBleStackMgr_HalIntrEnable
                0x000037ac        0x8
 i.CyBleStackMgr_HalIntrEnable
                0x000037ac        0x8 C:\Program Files (x86)\Cypress\PSoC Creator\3.1\PSoC Creator\psoc\content\cycomponentlibrary\CyComponentLibrary.cylib\BLE_v1_20\Library\gccCyBLEStack_BLE_SOC_PERIPHERAL.a(CyBleStackMgr_PSoCHal.o)
                0x000037ac                CyBleStackMgr_HalIntrEnable

i.CyBleStackMgr_HandleLinkLayerTick
                0x000037b4       0x5c
 i.CyBleStackMgr_HandleLinkLayerTick
                0x000037b4       0x5c C:\Program Files (x86)\Cypress\PSoC Creator\3.1\PSoC Creator\psoc\content\cycomponentlibrary\CyComponentLibrary.cylib\BLE_v1_20\Library\gccCyBLEStack_BLE_SOC_PERIPHERAL.a(CyBleStackMgr_PSoCHal.o)
                0x000037b4                CyBleStackMgr_HandleLinkLayerTick

i.CyBleStackMgr_HciPortInit
                0x00003810        0xc
 i.CyBleStackMgr_HciPortInit
                0x00003810        0xc C:\Program Files (x86)\Cypress\PSoC Creator\3.1\PSoC Creator\psoc\content\cycomponentlibrary\CyComponentLibrary.cylib\BLE_v1_20\Library\gccCyBLEStack_BLE_SOC_PERIPHERAL.a(CyBleStackMgr_PSoCHal.o)
                0x00003810                CyBleStackMgr_HciPortInit

i.CyBleStackMgr_HciPortReset
                0x0000381c        0x2
 i.CyBleStackMgr_HciPortReset
                0x0000381c        0x2 C:\Program Files (x86)\Cypress\PSoC Creator\3.1\PSoC Creator\psoc\content\cycomponentlibrary\CyComponentLibrary.cylib\BLE_v1_20\Library\gccCyBLEStack_BLE_SOC_PERIPHERAL.a(CyBleStackMgr_PSoCHal.o)
                0x0000381c                CyBleStackMgr_HciPortReset

i.CyBleStackMgr_HciPortWrite
                0x0000381e        0x8
 i.CyBleStackMgr_HciPortWrite
                0x0000381e        0x8 C:\Program Files (x86)\Cypress\PSoC Creator\3.1\PSoC Creator\psoc\content\cycomponentlibrary\CyComponentLibrary.cylib\BLE_v1_20\Library\gccCyBLEStack_BLE_SOC_PERIPHERAL.a(CyBleStackMgr_PSoCHal.o)
                0x0000381e                CyBleStackMgr_HciPortWrite

i.CyBleStackMgr_ResetLinkLayerTimerEntity
                0x00003828       0x14
 i.CyBleStackMgr_ResetLinkLayerTimerEntity
                0x00003828       0x14 C:\Program Files (x86)\Cypress\PSoC Creator\3.1\PSoC Creator\psoc\content\cycomponentlibrary\CyComponentLibrary.cylib\BLE_v1_20\Library\gccCyBLEStack_BLE_SOC_PERIPHERAL.a(CyBleStackMgr_PSoCHal.o)
                0x00003828                CyBleStackMgr_ResetLinkLayerTimerEntity

i.CyBleStackMgr_TimerStart
                0x0000383c       0x2c
 i.CyBleStackMgr_TimerStart
                0x0000383c       0x2c C:\Program Files (x86)\Cypress\PSoC Creator\3.1\PSoC Creator\psoc\content\cycomponentlibrary\CyComponentLibrary.cylib\BLE_v1_20\Library\gccCyBLEStack_BLE_SOC_PERIPHERAL.a(CyBleStackMgr_PSoCHal.o)
                0x0000383c                CyBleStackMgr_TimerStart

i.CyBleStackMgr_TimerStop
                0x00003868       0x18
 i.CyBleStackMgr_TimerStop
                0x00003868       0x18 C:\Program Files (x86)\Cypress\PSoC Creator\3.1\PSoC Creator\psoc\content\cycomponentlibrary\CyComponentLibrary.cylib\BLE_v1_20\Library\gccCyBLEStack_BLE_SOC_PERIPHERAL.a(CyBleStackMgr_PSoCHal.o)
                0x00003868                CyBleStackMgr_TimerStop

i.CyBleStackMgr_isTimerRunning
                0x00003880       0x10
 i.CyBleStackMgr_isTimerRunning
                0x00003880       0x10 C:\Program Files (x86)\Cypress\PSoC Creator\3.1\PSoC Creator\psoc\content\cycomponentlibrary\CyComponentLibrary.cylib\BLE_v1_20\Library\gccCyBLEStack_BLE_SOC_PERIPHERAL.a(CyBleStackMgr_PSoCHal.o)
                0x00003880                CyBleStackMgr_isTimerRunning

i.CyBleAtlantisRadioInit
                0x00003890      0x1ac
 i.CyBleAtlantisRadioInit
                0x00003890      0x1ac C:\Program Files (x86)\Cypress\PSoC Creator\3.1\PSoC Creator\psoc\content\cycomponentlibrary\CyComponentLibrary.cylib\BLE_v1_20\Library\gccCyBLEStack_BLE_SOC_PERIPHERAL.a(CyBleStackMgr_BleSSDriver.o)

i.CyBleStackMgr_BleSSFifoRead
                0x00003a3c       0x38
 i.CyBleStackMgr_BleSSFifoRead
                0x00003a3c       0x38 C:\Program Files (x86)\Cypress\PSoC Creator\3.1\PSoC Creator\psoc\content\cycomponentlibrary\CyComponentLibrary.cylib\BLE_v1_20\Library\gccCyBLEStack_BLE_SOC_PERIPHERAL.a(CyBleStackMgr_BleSSDriver.o)
                0x00003a3c                CyBleStackMgr_BleSSFifoRead

i.CyBleStackMgr_BleSSFifoWrite
                0x00003a74       0x30
 i.CyBleStackMgr_BleSSFifoWrite
                0x00003a74       0x30 C:\Program Files (x86)\Cypress\PSoC Creator\3.1\PSoC Creator\psoc\content\cycomponentlibrary\CyComponentLibrary.cylib\BLE_v1_20\Library\gccCyBLEStack_BLE_SOC_PERIPHERAL.a(CyBleStackMgr_BleSSDriver.o)
                0x00003a74                CyBleStackMgr_BleSSFifoWrite

i.CyBleStackMgr_BleSSInit
                0x00003aa4       0x50
 i.CyBleStackMgr_BleSSInit
                0x00003aa4       0x50 C:\Program Files (x86)\Cypress\PSoC Creator\3.1\PSoC Creator\psoc\content\cycomponentlibrary\CyComponentLibrary.cylib\BLE_v1_20\Library\gccCyBLEStack_BLE_SOC_PERIPHERAL.a(CyBleStackMgr_BleSSDriver.o)
                0x00003aa4                CyBleStackMgr_BleSSInit

i.CyBleStackMgr_BleSSMemRead
                0x00003af4       0x26
 i.CyBleStackMgr_BleSSMemRead
                0x00003af4       0x26 C:\Program Files (x86)\Cypress\PSoC Creator\3.1\PSoC Creator\psoc\content\cycomponentlibrary\CyComponentLibrary.cylib\BLE_v1_20\Library\gccCyBLEStack_BLE_SOC_PERIPHERAL.a(CyBleStackMgr_BleSSDriver.o)
                0x00003af4                CyBleStackMgr_BleSSMemRead

i.CyBleStackMgr_BleSSMemWrite
                0x00003b1c       0x34
 i.CyBleStackMgr_BleSSMemWrite
                0x00003b1c       0x34 C:\Program Files (x86)\Cypress\PSoC Creator\3.1\PSoC Creator\psoc\content\cycomponentlibrary\CyComponentLibrary.cylib\BLE_v1_20\Library\gccCyBLEStack_BLE_SOC_PERIPHERAL.a(CyBleStackMgr_BleSSDriver.o)
                0x00003b1c                CyBleStackMgr_BleSSMemWrite

i.CyBleStackMgr_BleSSRegRead
                0x00003b50        0xc
 i.CyBleStackMgr_BleSSRegRead
                0x00003b50        0xc C:\Program Files (x86)\Cypress\PSoC Creator\3.1\PSoC Creator\psoc\content\cycomponentlibrary\CyComponentLibrary.cylib\BLE_v1_20\Library\gccCyBLEStack_BLE_SOC_PERIPHERAL.a(CyBleStackMgr_BleSSDriver.o)
                0x00003b50                CyBleStackMgr_BleSSRegRead

i.CyBleStackMgr_BleSSRegWrite
                0x00003b5c        0xc
 i.CyBleStackMgr_BleSSRegWrite
                0x00003b5c        0xc C:\Program Files (x86)\Cypress\PSoC Creator\3.1\PSoC Creator\psoc\content\cycomponentlibrary\CyComponentLibrary.cylib\BLE_v1_20\Library\gccCyBLEStack_BLE_SOC_PERIPHERAL.a(CyBleStackMgr_BleSSDriver.o)
                0x00003b5c                CyBleStackMgr_BleSSRegWrite

i.CyBleStackMgr_BleSSReset
                0x00003b68       0x38
 i.CyBleStackMgr_BleSSReset
                0x00003b68       0x38 C:\Program Files (x86)\Cypress\PSoC Creator\3.1\PSoC Creator\psoc\content\cycomponentlibrary\CyComponentLibrary.cylib\BLE_v1_20\Library\gccCyBLEStack_BLE_SOC_PERIPHERAL.a(CyBleStackMgr_BleSSDriver.o)
                0x00003b68                CyBleStackMgr_BleSSReset

i.CyBleStackMgr_GenericIface
                0x00003ba0       0x3c
 i.CyBleStackMgr_GenericIface
                0x00003ba0       0x3c C:\Program Files (x86)\Cypress\PSoC Creator\3.1\PSoC Creator\psoc\content\cycomponentlibrary\CyComponentLibrary.cylib\BLE_v1_20\Library\gccCyBLEStack_BLE_SOC_PERIPHERAL.a(CyBleStackMgr_BleSSDriver.o)
                0x00003ba0                CyBleStackMgr_GenericIface

i.CyBleStackMgr_HandleBleSSIntr
                0x00003bdc       0x90
 i.CyBleStackMgr_HandleBleSSIntr
                0x00003bdc       0x90 C:\Program Files (x86)\Cypress\PSoC Creator\3.1\PSoC Creator\psoc\content\cycomponentlibrary\CyComponentLibrary.cylib\BLE_v1_20\Library\gccCyBLEStack_BLE_SOC_PERIPHERAL.a(CyBleStackMgr_BleSSDriver.o)
                0x00003bdc                CyBleStackMgr_HandleBleSSIntr

i.CyBleStackMgr_SetClockParam
                0x00003c6c       0xb4
 i.CyBleStackMgr_SetClockParam
                0x00003c6c       0xb4 C:\Program Files (x86)\Cypress\PSoC Creator\3.1\PSoC Creator\psoc\content\cycomponentlibrary\CyComponentLibrary.cylib\BLE_v1_20\Library\gccCyBLEStack_BLE_SOC_PERIPHERAL.a(CyBleStackMgr_BleSSDriver.o)

i.CyBle_ExitDsmMode
                0x00003d20       0x2c
 i.CyBle_ExitDsmMode
                0x00003d20       0x2c C:\Program Files (x86)\Cypress\PSoC Creator\3.1\PSoC Creator\psoc\content\cycomponentlibrary\CyComponentLibrary.cylib\BLE_v1_20\Library\gccCyBLEStack_BLE_SOC_PERIPHERAL.a(CyBleStackMgr_BleSSDriver.o)
                0x00003d20                CyBle_ExitDsmMode

i.CyBle_GetBleSsOperationalMode
                0x00003d4c        0xc
 i.CyBle_GetBleSsOperationalMode
                0x00003d4c        0xc C:\Program Files (x86)\Cypress\PSoC Creator\3.1\PSoC Creator\psoc\content\cycomponentlibrary\CyComponentLibrary.cylib\BLE_v1_20\Library\gccCyBLEStack_BLE_SOC_PERIPHERAL.a(CyBleStackMgr_BleSSDriver.o)
                0x00003d4c                CyBle_GetBleSsOperationalMode

i.CyBle_GetLpMode
                0x00003d58       0x26
 i.CyBle_GetLpMode
                0x00003d58       0x26 C:\Program Files (x86)\Cypress\PSoC Creator\3.1\PSoC Creator\psoc\content\cycomponentlibrary\CyComponentLibrary.cylib\BLE_v1_20\Library\gccCyBLEStack_BLE_SOC_PERIPHERAL.a(CyBleStackMgr_BleSSDriver.o)
                0x00003d58                CyBle_GetLpMode

i.CyBle_GetTxGainMode
                0x00003d80       0x2c
 i.CyBle_GetTxGainMode
                0x00003d80       0x2c C:\Program Files (x86)\Cypress\PSoC Creator\3.1\PSoC Creator\psoc\content\cycomponentlibrary\CyComponentLibrary.cylib\BLE_v1_20\Library\gccCyBLEStack_BLE_SOC_PERIPHERAL.a(CyBleStackMgr_BleSSDriver.o)
                0x00003d80                CyBle_GetTxGainMode

i.CyBle_SetBleSsOperationalMode
                0x00003dac       0x20
 i.CyBle_SetBleSsOperationalMode
                0x00003dac       0x20 C:\Program Files (x86)\Cypress\PSoC Creator\3.1\PSoC Creator\psoc\content\cycomponentlibrary\CyComponentLibrary.cylib\BLE_v1_20\Library\gccCyBLEStack_BLE_SOC_PERIPHERAL.a(CyBleStackMgr_BleSSDriver.o)
                0x00003dac                CyBle_SetBleSsOperationalMode

i.CyBle_SetEventCloseState
                0x00003dcc        0xc
 i.CyBle_SetEventCloseState
                0x00003dcc        0xc C:\Program Files (x86)\Cypress\PSoC Creator\3.1\PSoC Creator\psoc\content\cycomponentlibrary\CyComponentLibrary.cylib\BLE_v1_20\Library\gccCyBLEStack_BLE_SOC_PERIPHERAL.a(CyBleStackMgr_BleSSDriver.o)
                0x00003dcc                CyBle_SetEventCloseState

i.CyBle_SetRxGainMode
                0x00003dd8       0x20
 i.CyBle_SetRxGainMode
                0x00003dd8       0x20 C:\Program Files (x86)\Cypress\PSoC Creator\3.1\PSoC Creator\psoc\content\cycomponentlibrary\CyComponentLibrary.cylib\BLE_v1_20\Library\gccCyBLEStack_BLE_SOC_PERIPHERAL.a(CyBleStackMgr_BleSSDriver.o)
                0x00003dd8                CyBle_SetRxGainMode

i.CyBle_SetTxGainMode
                0x00003df8       0x38
 i.CyBle_SetTxGainMode
                0x00003df8       0x38 C:\Program Files (x86)\Cypress\PSoC Creator\3.1\PSoC Creator\psoc\content\cycomponentlibrary\CyComponentLibrary.cylib\BLE_v1_20\Library\gccCyBLEStack_BLE_SOC_PERIPHERAL.a(CyBleStackMgr_BleSSDriver.o)
                0x00003df8                CyBle_SetTxGainMode

i.pf_rf_get_abs_rssi
                0x00003e30       0x24
 i.pf_rf_get_abs_rssi
                0x00003e30       0x24 C:\Program Files (x86)\Cypress\PSoC Creator\3.1\PSoC Creator\psoc\content\cycomponentlibrary\CyComponentLibrary.cylib\BLE_v1_20\Library\gccCyBLEStack_BLE_SOC_PERIPHERAL.a(CyBleStackMgr_BleSSDriver.o)
                0x00003e30                pf_rf_get_abs_rssi

i.OS_init       0x00003e54       0x64
 i.OS_init      0x00003e54       0x64 C:\Program Files (x86)\Cypress\PSoC Creator\3.1\PSoC Creator\psoc\content\cycomponentlibrary\CyComponentLibrary.cylib\BLE_v1_20\Library\gccCyBLEStack_BLE_SOC_PERIPHERAL.a(mint_os.o)
                0x00003e54                OS_init

i.mintos_malloc
                0x00003eb8       0x34
 i.mintos_malloc
                0x00003eb8       0x34 C:\Program Files (x86)\Cypress\PSoC Creator\3.1\PSoC Creator\psoc\content\cycomponentlibrary\CyComponentLibrary.cylib\BLE_v1_20\Library\gccCyBLEStack_BLE_SOC_PERIPHERAL.a(mint_os.o)
                0x00003eb8                mintos_malloc

i.OS_create_queue
                0x00003eec       0x64
 i.OS_create_queue
                0x00003eec       0x64 C:\Program Files (x86)\Cypress\PSoC Creator\3.1\PSoC Creator\psoc\content\cycomponentlibrary\CyComponentLibrary.cylib\BLE_v1_20\Library\gccCyBLEStack_BLE_SOC_PERIPHERAL.a(mint_os_queue.o)
                0x00003eec                OS_create_queue

i.OS_enqueue_item
                0x00003f50       0x8c
 i.OS_enqueue_item
                0x00003f50       0x8c C:\Program Files (x86)\Cypress\PSoC Creator\3.1\PSoC Creator\psoc\content\cycomponentlibrary\CyComponentLibrary.cylib\BLE_v1_20\Library\gccCyBLEStack_BLE_SOC_PERIPHERAL.a(mint_os_queue.o)
                0x00003f50                OS_enqueue_item

i.OS_queue_get_num_of_items
                0x00003fdc       0x28
 i.OS_queue_get_num_of_items
                0x00003fdc       0x28 C:\Program Files (x86)\Cypress\PSoC Creator\3.1\PSoC Creator\psoc\content\cycomponentlibrary\CyComponentLibrary.cylib\BLE_v1_20\Library\gccCyBLEStack_BLE_SOC_PERIPHERAL.a(mint_os_queue.o)
                0x00003fdc                OS_queue_get_num_of_items

i.OS_queue_mgmt_init
                0x00004004       0x40
 i.OS_queue_mgmt_init
                0x00004004       0x40 C:\Program Files (x86)\Cypress\PSoC Creator\3.1\PSoC Creator\psoc\content\cycomponentlibrary\CyComponentLibrary.cylib\BLE_v1_20\Library\gccCyBLEStack_BLE_SOC_PERIPHERAL.a(mint_os_queue.o)
                0x00004004                OS_queue_mgmt_init

i.OS_remove_item
                0x00004044       0xa0
 i.OS_remove_item
                0x00004044       0xa0 C:\Program Files (x86)\Cypress\PSoC Creator\3.1\PSoC Creator\psoc\content\cycomponentlibrary\CyComponentLibrary.cylib\BLE_v1_20\Library\gccCyBLEStack_BLE_SOC_PERIPHERAL.a(mint_os_queue.o)
                0x00004044                OS_remove_item

i.OS_create_task
                0x000040e4       0x88
 i.OS_create_task
                0x000040e4       0x88 C:\Program Files (x86)\Cypress\PSoC Creator\3.1\PSoC Creator\psoc\content\cycomponentlibrary\CyComponentLibrary.cylib\BLE_v1_20\Library\gccCyBLEStack_BLE_SOC_PERIPHERAL.a(mint_os_task.o)
                0x000040e4                OS_create_task

i.OS_isr_send_signal_to_task
                0x0000416c        0xc
 i.OS_isr_send_signal_to_task
                0x0000416c        0xc C:\Program Files (x86)\Cypress\PSoC Creator\3.1\PSoC Creator\psoc\content\cycomponentlibrary\CyComponentLibrary.cylib\BLE_v1_20\Library\gccCyBLEStack_BLE_SOC_PERIPHERAL.a(mint_os_task.o)
                0x0000416c                OS_isr_send_signal_to_task

i.OS_scheduler  0x00004178       0x64
 i.OS_scheduler
                0x00004178       0x64 C:\Program Files (x86)\Cypress\PSoC Creator\3.1\PSoC Creator\psoc\content\cycomponentlibrary\CyComponentLibrary.cylib\BLE_v1_20\Library\gccCyBLEStack_BLE_SOC_PERIPHERAL.a(mint_os_task.o)
                0x00004178                OS_scheduler

i.OS_send_signal_to_task
                0x000041dc        0xc
 i.OS_send_signal_to_task
                0x000041dc        0xc C:\Program Files (x86)\Cypress\PSoC Creator\3.1\PSoC Creator\psoc\content\cycomponentlibrary\CyComponentLibrary.cylib\BLE_v1_20\Library\gccCyBLEStack_BLE_SOC_PERIPHERAL.a(mint_os_task.o)
                0x000041dc                OS_send_signal_to_task

i.OS_send_signal_to_task_context
                0x000041e8       0x3c
 i.OS_send_signal_to_task_context
                0x000041e8       0x3c C:\Program Files (x86)\Cypress\PSoC Creator\3.1\PSoC Creator\psoc\content\cycomponentlibrary\CyComponentLibrary.cylib\BLE_v1_20\Library\gccCyBLEStack_BLE_SOC_PERIPHERAL.a(mint_os_task.o)

i.OS_task_mgmt_init
                0x00004224       0x50
 i.OS_task_mgmt_init
                0x00004224       0x50 C:\Program Files (x86)\Cypress\PSoC Creator\3.1\PSoC Creator\psoc\content\cycomponentlibrary\CyComponentLibrary.cylib\BLE_v1_20\Library\gccCyBLEStack_BLE_SOC_PERIPHERAL.a(mint_os_task.o)
                0x00004224                OS_task_mgmt_init

i.mint_buf_mgmt_allocate_buffer
                0x00004274       0x4c
 i.mint_buf_mgmt_allocate_buffer
                0x00004274       0x4c C:\Program Files (x86)\Cypress\PSoC Creator\3.1\PSoC Creator\psoc\content\cycomponentlibrary\CyComponentLibrary.cylib\BLE_v1_20\Library\gccCyBLEStack_BLE_SOC_PERIPHERAL.a(mint_buf_mgmt.o)
                0x00004274                mint_buf_mgmt_allocate_buffer

i.mint_buf_mgmt_create_pool
                0x000042c0       0xd8
 i.mint_buf_mgmt_create_pool
                0x000042c0       0xd8 C:\Program Files (x86)\Cypress\PSoC Creator\3.1\PSoC Creator\psoc\content\cycomponentlibrary\CyComponentLibrary.cylib\BLE_v1_20\Library\gccCyBLEStack_BLE_SOC_PERIPHERAL.a(mint_buf_mgmt.o)
                0x000042c0                mint_buf_mgmt_create_pool

i.mint_buf_mgmt_free_buffer
                0x00004398       0xa4
 i.mint_buf_mgmt_free_buffer
                0x00004398       0xa4 C:\Program Files (x86)\Cypress\PSoC Creator\3.1\PSoC Creator\psoc\content\cycomponentlibrary\CyComponentLibrary.cylib\BLE_v1_20\Library\gccCyBLEStack_BLE_SOC_PERIPHERAL.a(mint_buf_mgmt.o)
                0x00004398                mint_buf_mgmt_free_buffer

i.mint_buf_mgmt_get_free_heap
                0x0000443c       0x1c
 i.mint_buf_mgmt_get_free_heap
                0x0000443c       0x1c C:\Program Files (x86)\Cypress\PSoC Creator\3.1\PSoC Creator\psoc\content\cycomponentlibrary\CyComponentLibrary.cylib\BLE_v1_20\Library\gccCyBLEStack_BLE_SOC_PERIPHERAL.a(mint_buf_mgmt.o)
                0x0000443c                mint_buf_mgmt_get_free_heap

i.mint_buf_mgmt_init
                0x00004458       0x44
 i.mint_buf_mgmt_init
                0x00004458       0x44 C:\Program Files (x86)\Cypress\PSoC Creator\3.1\PSoC Creator\psoc\content\cycomponentlibrary\CyComponentLibrary.cylib\BLE_v1_20\Library\gccCyBLEStack_BLE_SOC_PERIPHERAL.a(mint_buf_mgmt.o)
                0x00004458                mint_buf_mgmt_init

i.mint_buf_mgmt_malloc
                0x0000449c       0x2c
 i.mint_buf_mgmt_malloc
                0x0000449c       0x2c C:\Program Files (x86)\Cypress\PSoC Creator\3.1\PSoC Creator\psoc\content\cycomponentlibrary\CyComponentLibrary.cylib\BLE_v1_20\Library\gccCyBLEStack_BLE_SOC_PERIPHERAL.a(mint_buf_mgmt.o)
                0x0000449c                mint_buf_mgmt_malloc

i.mint_buf_mgmt_reset_pool
                0x000044c8       0x70
 i.mint_buf_mgmt_reset_pool
                0x000044c8       0x70 C:\Program Files (x86)\Cypress\PSoC Creator\3.1\PSoC Creator\psoc\content\cycomponentlibrary\CyComponentLibrary.cylib\BLE_v1_20\Library\gccCyBLEStack_BLE_SOC_PERIPHERAL.a(mint_buf_mgmt.o)
                0x000044c8                mint_buf_mgmt_reset_pool

i.mint_buf_mgmt_stack_init
                0x00004538       0x24
 i.mint_buf_mgmt_stack_init
                0x00004538       0x24 C:\Program Files (x86)\Cypress\PSoC Creator\3.1\PSoC Creator\psoc\content\cycomponentlibrary\CyComponentLibrary.cylib\BLE_v1_20\Library\gccCyBLEStack_BLE_SOC_PERIPHERAL.a(mint_buf_mgmt.o)
                0x00004538                mint_buf_mgmt_stack_init

i.mint_buf_mgmt_stack_pop
                0x0000455c       0x36
 i.mint_buf_mgmt_stack_pop
                0x0000455c       0x36 C:\Program Files (x86)\Cypress\PSoC Creator\3.1\PSoC Creator\psoc\content\cycomponentlibrary\CyComponentLibrary.cylib\BLE_v1_20\Library\gccCyBLEStack_BLE_SOC_PERIPHERAL.a(mint_buf_mgmt.o)
                0x0000455c                mint_buf_mgmt_stack_pop

i.mint_buf_mgmt_stack_push
                0x00004592       0x36
 i.mint_buf_mgmt_stack_push
                0x00004592       0x36 C:\Program Files (x86)\Cypress\PSoC Creator\3.1\PSoC Creator\psoc\content\cycomponentlibrary\CyComponentLibrary.cylib\BLE_v1_20\Library\gccCyBLEStack_BLE_SOC_PERIPHERAL.a(mint_buf_mgmt.o)
                0x00004592                mint_buf_mgmt_stack_push

i.mint_buf_mgmt_stack_reset
                0x000045c8       0x1e
 i.mint_buf_mgmt_stack_reset
                0x000045c8       0x1e C:\Program Files (x86)\Cypress\PSoC Creator\3.1\PSoC Creator\psoc\content\cycomponentlibrary\CyComponentLibrary.cylib\BLE_v1_20\Library\gccCyBLEStack_BLE_SOC_PERIPHERAL.a(mint_buf_mgmt.o)
                0x000045c8                mint_buf_mgmt_stack_reset

i.mint_buf_mgmt_stack_search_item
                0x000045e6       0x30
 i.mint_buf_mgmt_stack_search_item
                0x000045e6       0x30 C:\Program Files (x86)\Cypress\PSoC Creator\3.1\PSoC Creator\psoc\content\cycomponentlibrary\CyComponentLibrary.cylib\BLE_v1_20\Library\gccCyBLEStack_BLE_SOC_PERIPHERAL.a(mint_buf_mgmt.o)
                0x000045e6                mint_buf_mgmt_stack_search_item

i.mint_buf_mgmt_pl_init
                0x00004618       0x2c
 i.mint_buf_mgmt_pl_init
                0x00004618       0x2c C:\Program Files (x86)\Cypress\PSoC Creator\3.1\PSoC Creator\psoc\content\cycomponentlibrary\CyComponentLibrary.cylib\BLE_v1_20\Library\gccCyBLEStack_BLE_SOC_PERIPHERAL.a(mint_buf_mgmt_pl.o)
                0x00004618                mint_buf_mgmt_pl_init

i.CyBleControllerIP_GetPingState
                0x00004644        0xc
 i.CyBleControllerIP_GetPingState
                0x00004644        0xc C:\Program Files (x86)\Cypress\PSoC Creator\3.1\PSoC Creator\psoc\content\cycomponentlibrary\CyComponentLibrary.cylib\BLE_v1_20\Library\gccCyBLEStack_BLE_SOC_PERIPHERAL.a(CyBleControllerIP_Interface.o)
                0x00004644                CyBleControllerIP_GetPingState

i.CyBleController_AddDeviceToWhiteList
                0x00004650       0x40
 i.CyBleController_AddDeviceToWhiteList
                0x00004650       0x40 C:\Program Files (x86)\Cypress\PSoC Creator\3.1\PSoC Creator\psoc\content\cycomponentlibrary\CyComponentLibrary.cylib\BLE_v1_20\Library\gccCyBLEStack_BLE_SOC_PERIPHERAL.a(CyBleControllerIP_Interface.o)
                0x00004650                CyBleController_AddDeviceToWhiteList

i.CyBleController_ExitLowPowerMode
                0x00004690       0x10
 i.CyBleController_ExitLowPowerMode
                0x00004690       0x10 C:\Program Files (x86)\Cypress\PSoC Creator\3.1\PSoC Creator\psoc\content\cycomponentlibrary\CyComponentLibrary.cylib\BLE_v1_20\Library\gccCyBLEStack_BLE_SOC_PERIPHERAL.a(CyBleControllerIP_Interface.o)
                0x00004690                CyBleController_ExitLowPowerMode

i.CyBleController_Init
                0x000046a0       0x3c
 i.CyBleController_Init
                0x000046a0       0x3c C:\Program Files (x86)\Cypress\PSoC Creator\3.1\PSoC Creator\psoc\content\cycomponentlibrary\CyComponentLibrary.cylib\BLE_v1_20\Library\gccCyBLEStack_BLE_SOC_PERIPHERAL.a(CyBleControllerIP_Interface.o)
                0x000046a0                CyBleController_Init

i.CyBleController_SetDeviceAddress
                0x000046dc       0x2e
 i.CyBleController_SetDeviceAddress
                0x000046dc       0x2e C:\Program Files (x86)\Cypress\PSoC Creator\3.1\PSoC Creator\psoc\content\cycomponentlibrary\CyComponentLibrary.cylib\BLE_v1_20\Library\gccCyBLEStack_BLE_SOC_PERIPHERAL.a(CyBleControllerIP_Interface.o)
                0x000046dc                CyBleController_SetDeviceAddress

i.CyBle_GetTxPowerLevel
                0x0000470a       0x4e
 i.CyBle_GetTxPowerLevel
                0x0000470a       0x4e C:\Program Files (x86)\Cypress\PSoC Creator\3.1\PSoC Creator\psoc\content\cycomponentlibrary\CyComponentLibrary.cylib\BLE_v1_20\Library\gccCyBLEStack_BLE_SOC_PERIPHERAL.a(CyBleControllerIP_Interface.o)
                0x0000470a                CyBle_GetTxPowerLevel

i.CyBle_SetTxPowerLevel
                0x00004758       0x56
 i.CyBle_SetTxPowerLevel
                0x00004758       0x56 C:\Program Files (x86)\Cypress\PSoC Creator\3.1\PSoC Creator\psoc\content\cycomponentlibrary\CyComponentLibrary.cylib\BLE_v1_20\Library\gccCyBLEStack_BLE_SOC_PERIPHERAL.a(CyBleControllerIP_Interface.o)
                0x00004758                CyBle_SetTxPowerLevel

i.ll_check_and_mark_packet_ready_for_transmission
                0x000047b0       0x28
 i.ll_check_and_mark_packet_ready_for_transmission
                0x000047b0       0x28 C:\Program Files (x86)\Cypress\PSoC Creator\3.1\PSoC Creator\psoc\content\cycomponentlibrary\CyComponentLibrary.cylib\BLE_v1_20\Library\gccCyBLEStack_BLE_SOC_PERIPHERAL.a(ll.o)
                0x000047b0                ll_check_and_mark_packet_ready_for_transmission

i.ll_cleanup_pending_data_pdu
                0x000047d8       0x38
 i.ll_cleanup_pending_data_pdu
                0x000047d8       0x38 C:\Program Files (x86)\Cypress\PSoC Creator\3.1\PSoC Creator\psoc\content\cycomponentlibrary\CyComponentLibrary.cylib\BLE_v1_20\Library\gccCyBLEStack_BLE_SOC_PERIPHERAL.a(ll.o)
                0x000047d8                ll_cleanup_pending_data_pdu

i.ll_exit_low_power_mode
                0x00004810       0xac
 i.ll_exit_low_power_mode
                0x00004810       0xac C:\Program Files (x86)\Cypress\PSoC Creator\3.1\PSoC Creator\psoc\content\cycomponentlibrary\CyComponentLibrary.cylib\BLE_v1_20\Library\gccCyBLEStack_BLE_SOC_PERIPHERAL.a(ll.o)
                0x00004810                ll_exit_low_power_mode

i.ll_get_ack_status
                0x000048bc       0x3c
 i.ll_get_ack_status
                0x000048bc       0x3c C:\Program Files (x86)\Cypress\PSoC Creator\3.1\PSoC Creator\psoc\content\cycomponentlibrary\CyComponentLibrary.cylib\BLE_v1_20\Library\gccCyBLEStack_BLE_SOC_PERIPHERAL.a(ll.o)
                0x000048bc                ll_get_ack_status

i.ll_get_adv_ch_tx_power
                0x000048f8       0x20
 i.ll_get_adv_ch_tx_power
                0x000048f8       0x20 C:\Program Files (x86)\Cypress\PSoC Creator\3.1\PSoC Creator\psoc\content\cycomponentlibrary\CyComponentLibrary.cylib\BLE_v1_20\Library\gccCyBLEStack_BLE_SOC_PERIPHERAL.a(ll.o)
                0x000048f8                ll_get_adv_ch_tx_power

i.ll_get_data_channel_map
                0x00004918       0x24
 i.ll_get_data_channel_map
                0x00004918       0x24 C:\Program Files (x86)\Cypress\PSoC Creator\3.1\PSoC Creator\psoc\content\cycomponentlibrary\CyComponentLibrary.cylib\BLE_v1_20\Library\gccCyBLEStack_BLE_SOC_PERIPHERAL.a(ll.o)
                0x00004918                ll_get_data_channel_map

i.ll_get_max_white_list_size
                0x0000493c        0xc
 i.ll_get_max_white_list_size
                0x0000493c        0xc C:\Program Files (x86)\Cypress\PSoC Creator\3.1\PSoC Creator\psoc\content\cycomponentlibrary\CyComponentLibrary.cylib\BLE_v1_20\Library\gccCyBLEStack_BLE_SOC_PERIPHERAL.a(ll.o)
                0x0000493c                ll_get_max_white_list_size

i.ll_get_my_role
                0x00004948        0xc
 i.ll_get_my_role
                0x00004948        0xc C:\Program Files (x86)\Cypress\PSoC Creator\3.1\PSoC Creator\psoc\content\cycomponentlibrary\CyComponentLibrary.cylib\BLE_v1_20\Library\gccCyBLEStack_BLE_SOC_PERIPHERAL.a(ll.o)
                0x00004948                ll_get_my_role

i.ll_get_next_available_fifo_for_data_pdu
                0x00004954        0x8
 i.ll_get_next_available_fifo_for_data_pdu
                0x00004954        0x8 C:\Program Files (x86)\Cypress\PSoC Creator\3.1\PSoC Creator\psoc\content\cycomponentlibrary\CyComponentLibrary.cylib\BLE_v1_20\Library\gccCyBLEStack_BLE_SOC_PERIPHERAL.a(ll.o)
                0x00004954                ll_get_next_available_fifo_for_data_pdu

i.ll_get_next_available_fifo_for_ll_pdu
                0x0000495c       0x24
 i.ll_get_next_available_fifo_for_ll_pdu
                0x0000495c       0x24 C:\Program Files (x86)\Cypress\PSoC Creator\3.1\PSoC Creator\psoc\content\cycomponentlibrary\CyComponentLibrary.cylib\BLE_v1_20\Library\gccCyBLEStack_BLE_SOC_PERIPHERAL.a(ll.o)
                0x0000495c                ll_get_next_available_fifo_for_ll_pdu

i.ll_get_rssi_value
                0x00004980       0x26
 i.ll_get_rssi_value
                0x00004980       0x26 C:\Program Files (x86)\Cypress\PSoC Creator\3.1\PSoC Creator\psoc\content\cycomponentlibrary\CyComponentLibrary.cylib\BLE_v1_20\Library\gccCyBLEStack_BLE_SOC_PERIPHERAL.a(ll.o)
                0x00004980                ll_get_rssi_value

i.ll_get_transmit_power_level
                0x000049a8       0x2c
 i.ll_get_transmit_power_level
                0x000049a8       0x2c C:\Program Files (x86)\Cypress\PSoC Creator\3.1\PSoC Creator\psoc\content\cycomponentlibrary\CyComponentLibrary.cylib\BLE_v1_20\Library\gccCyBLEStack_BLE_SOC_PERIPHERAL.a(ll.o)
                0x000049a8                ll_get_transmit_power_level

i.ll_handle_ack_received
                0x000049d4       0x74
 i.ll_handle_ack_received
                0x000049d4       0x74 C:\Program Files (x86)\Cypress\PSoC Creator\3.1\PSoC Creator\psoc\content\cycomponentlibrary\CyComponentLibrary.cylib\BLE_v1_20\Library\gccCyBLEStack_BLE_SOC_PERIPHERAL.a(ll.o)
                0x000049d4                ll_handle_ack_received

i.ll_handle_add_device_in_whitelist
                0x00004a48       0x3a
 i.ll_handle_add_device_in_whitelist
                0x00004a48       0x3a C:\Program Files (x86)\Cypress\PSoC Creator\3.1\PSoC Creator\psoc\content\cycomponentlibrary\CyComponentLibrary.cylib\BLE_v1_20\Library\gccCyBLEStack_BLE_SOC_PERIPHERAL.a(ll.o)
                0x00004a48                ll_handle_add_device_in_whitelist

i.ll_handle_clear_whitelist
                0x00004a82       0x16
 i.ll_handle_clear_whitelist
                0x00004a82       0x16 C:\Program Files (x86)\Cypress\PSoC Creator\3.1\PSoC Creator\psoc\content\cycomponentlibrary\CyComponentLibrary.cylib\BLE_v1_20\Library\gccCyBLEStack_BLE_SOC_PERIPHERAL.a(ll.o)
                0x00004a82                ll_handle_clear_whitelist

i.ll_handle_encrypt_host_data
                0x00004a98       0x36
 i.ll_handle_encrypt_host_data
                0x00004a98       0x36 C:\Program Files (x86)\Cypress\PSoC Creator\3.1\PSoC Creator\psoc\content\cycomponentlibrary\CyComponentLibrary.cylib\BLE_v1_20\Library\gccCyBLEStack_BLE_SOC_PERIPHERAL.a(ll.o)
                0x00004a98                ll_handle_encrypt_host_data

i.ll_handle_host_data_packet
                0x00004ace       0x54
 i.ll_handle_host_data_packet
                0x00004ace       0x54 C:\Program Files (x86)\Cypress\PSoC Creator\3.1\PSoC Creator\psoc\content\cycomponentlibrary\CyComponentLibrary.cylib\BLE_v1_20\Library\gccCyBLEStack_BLE_SOC_PERIPHERAL.a(ll.o)
                0x00004ace                ll_handle_host_data_packet

i.ll_handle_read_host_channel_map
                0x00004b22        0x4
 i.ll_handle_read_host_channel_map
                0x00004b22        0x4 C:\Program Files (x86)\Cypress\PSoC Creator\3.1\PSoC Creator\psoc\content\cycomponentlibrary\CyComponentLibrary.cylib\BLE_v1_20\Library\gccCyBLEStack_BLE_SOC_PERIPHERAL.a(ll.o)
                0x00004b22                ll_handle_read_host_channel_map

i.ll_handle_remove_device_in_whitelist
                0x00004b26       0x2a
 i.ll_handle_remove_device_in_whitelist
                0x00004b26       0x2a C:\Program Files (x86)\Cypress\PSoC Creator\3.1\PSoC Creator\psoc\content\cycomponentlibrary\CyComponentLibrary.cylib\BLE_v1_20\Library\gccCyBLEStack_BLE_SOC_PERIPHERAL.a(ll.o)
                0x00004b26                ll_handle_remove_device_in_whitelist

i.ll_handle_reset
                0x00004b50        0xe
 i.ll_handle_reset
                0x00004b50        0xe C:\Program Files (x86)\Cypress\PSoC Creator\3.1\PSoC Creator\psoc\content\cycomponentlibrary\CyComponentLibrary.cylib\BLE_v1_20\Library\gccCyBLEStack_BLE_SOC_PERIPHERAL.a(ll.o)
                0x00004b50                ll_handle_reset

i.ll_handle_set_random_address
                0x00004b5e       0x36
 i.ll_handle_set_random_address
                0x00004b5e       0x36 C:\Program Files (x86)\Cypress\PSoC Creator\3.1\PSoC Creator\psoc\content\cycomponentlibrary\CyComponentLibrary.cylib\BLE_v1_20\Library\gccCyBLEStack_BLE_SOC_PERIPHERAL.a(ll.o)
                0x00004b5e                ll_handle_set_random_address

i.ll_init       0x00004b94       0x18
 i.ll_init      0x00004b94       0x18 C:\Program Files (x86)\Cypress\PSoC Creator\3.1\PSoC Creator\psoc\content\cycomponentlibrary\CyComponentLibrary.cylib\BLE_v1_20\Library\gccCyBLEStack_BLE_SOC_PERIPHERAL.a(ll.o)
                0x00004b94                ll_init

i.ll_initialize_device_attributes
                0x00004bac       0x4c
 i.ll_initialize_device_attributes
                0x00004bac       0x4c C:\Program Files (x86)\Cypress\PSoC Creator\3.1\PSoC Creator\psoc\content\cycomponentlibrary\CyComponentLibrary.cylib\BLE_v1_20\Library\gccCyBLEStack_BLE_SOC_PERIPHERAL.a(ll.o)
                0x00004bac                ll_initialize_device_attributes

i.ll_is_pkt_pending
                0x00004bf8       0x2a
 i.ll_is_pkt_pending
                0x00004bf8       0x2a C:\Program Files (x86)\Cypress\PSoC Creator\3.1\PSoC Creator\psoc\content\cycomponentlibrary\CyComponentLibrary.cylib\BLE_v1_20\Library\gccCyBLEStack_BLE_SOC_PERIPHERAL.a(ll.o)
                0x00004bf8                ll_is_pkt_pending

i.ll_is_sent_pkt_pending
                0x00004c22       0x1a
 i.ll_is_sent_pkt_pending
                0x00004c22       0x1a C:\Program Files (x86)\Cypress\PSoC Creator\3.1\PSoC Creator\psoc\content\cycomponentlibrary\CyComponentLibrary.cylib\BLE_v1_20\Library\gccCyBLEStack_BLE_SOC_PERIPHERAL.a(ll.o)
                0x00004c22                ll_is_sent_pkt_pending

i.ll_isr_exit_low_power_mode
                0x00004c3c       0x16
 i.ll_isr_exit_low_power_mode
                0x00004c3c       0x16 C:\Program Files (x86)\Cypress\PSoC Creator\3.1\PSoC Creator\psoc\content\cycomponentlibrary\CyComponentLibrary.cylib\BLE_v1_20\Library\gccCyBLEStack_BLE_SOC_PERIPHERAL.a(ll.o)
                0x00004c3c                ll_isr_exit_low_power_mode

i.ll_load_host_data_packet
                0x00004c52       0x4a
 i.ll_load_host_data_packet
                0x00004c52       0x4a C:\Program Files (x86)\Cypress\PSoC Creator\3.1\PSoC Creator\psoc\content\cycomponentlibrary\CyComponentLibrary.cylib\BLE_v1_20\Library\gccCyBLEStack_BLE_SOC_PERIPHERAL.a(ll.o)
                0x00004c52                ll_load_host_data_packet

i.ll_load_packet_to_fifo
                0x00004c9c       0x6e
 i.ll_load_packet_to_fifo
                0x00004c9c       0x6e C:\Program Files (x86)\Cypress\PSoC Creator\3.1\PSoC Creator\psoc\content\cycomponentlibrary\CyComponentLibrary.cylib\BLE_v1_20\Library\gccCyBLEStack_BLE_SOC_PERIPHERAL.a(ll.o)
                0x00004c9c                ll_load_packet_to_fifo

i.ll_process_acks
                0x00004d0a       0x3c
 i.ll_process_acks
                0x00004d0a       0x3c C:\Program Files (x86)\Cypress\PSoC Creator\3.1\PSoC Creator\psoc\content\cycomponentlibrary\CyComponentLibrary.cylib\BLE_v1_20\Library\gccCyBLEStack_BLE_SOC_PERIPHERAL.a(ll.o)
                0x00004d0a                ll_process_acks

i.ll_reset      0x00004d46       0x12
 i.ll_reset     0x00004d46       0x12 C:\Program Files (x86)\Cypress\PSoC Creator\3.1\PSoC Creator\psoc\content\cycomponentlibrary\CyComponentLibrary.cylib\BLE_v1_20\Library\gccCyBLEStack_BLE_SOC_PERIPHERAL.a(ll.o)
                0x00004d46                ll_reset

i.ll_update_active_features
                0x00004d58       0x58
 i.ll_update_active_features
                0x00004d58       0x58 C:\Program Files (x86)\Cypress\PSoC Creator\3.1\PSoC Creator\psoc\content\cycomponentlibrary\CyComponentLibrary.cylib\BLE_v1_20\Library\gccCyBLEStack_BLE_SOC_PERIPHERAL.a(ll.o)
                0x00004d58                ll_update_active_features

i.ll_update_device_fsm
                0x00004db0        0x8
 i.ll_update_device_fsm
                0x00004db0        0x8 C:\Program Files (x86)\Cypress\PSoC Creator\3.1\PSoC Creator\psoc\content\cycomponentlibrary\CyComponentLibrary.cylib\BLE_v1_20\Library\gccCyBLEStack_BLE_SOC_PERIPHERAL.a(ll.o)
                0x00004db0                ll_update_device_fsm

i.pf_le_start_timer
                0x00004db8       0x16
 i.pf_le_start_timer
                0x00004db8       0x16 C:\Program Files (x86)\Cypress\PSoC Creator\3.1\PSoC Creator\psoc\content\cycomponentlibrary\CyComponentLibrary.cylib\BLE_v1_20\Library\gccCyBLEStack_BLE_SOC_PERIPHERAL.a(ll.o)
                0x00004db8                pf_le_start_timer

i.pf_le_stop_timer
                0x00004dce       0x12
 i.pf_le_stop_timer
                0x00004dce       0x12 C:\Program Files (x86)\Cypress\PSoC Creator\3.1\PSoC Creator\psoc\content\cycomponentlibrary\CyComponentLibrary.cylib\BLE_v1_20\Library\gccCyBLEStack_BLE_SOC_PERIPHERAL.a(ll.o)
                0x00004dce                pf_le_stop_timer

i.CyBleControllerIP_TuneAdvEventInterPktSlots
                0x00004de0       0x44
 i.CyBleControllerIP_TuneAdvEventInterPktSlots
                0x00004de0       0x44 C:\Program Files (x86)\Cypress\PSoC Creator\3.1\PSoC Creator\psoc\content\cycomponentlibrary\CyComponentLibrary.cylib\BLE_v1_20\Library\gccCyBLEStack_BLE_SOC_PERIPHERAL.a(ll_advertiser.o)
                0x00004de0                CyBleControllerIP_TuneAdvEventInterPktSlots

i.ll_adv_is_configured_connection_adv
                0x00004e24       0x1e
 i.ll_adv_is_configured_connection_adv
                0x00004e24       0x1e C:\Program Files (x86)\Cypress\PSoC Creator\3.1\PSoC Creator\psoc\content\cycomponentlibrary\CyComponentLibrary.cylib\BLE_v1_20\Library\gccCyBLEStack_BLE_SOC_PERIPHERAL.a(ll_advertiser.o)
                0x00004e24                ll_adv_is_configured_connection_adv

i.ll_check_random_address_in_use_by_advertiser
                0x00004e42       0x10
 i.ll_check_random_address_in_use_by_advertiser
                0x00004e42       0x10 C:\Program Files (x86)\Cypress\PSoC Creator\3.1\PSoC Creator\psoc\content\cycomponentlibrary\CyComponentLibrary.cylib\BLE_v1_20\Library\gccCyBLEStack_BLE_SOC_PERIPHERAL.a(ll_advertiser.o)
                0x00004e42                ll_check_random_address_in_use_by_advertiser

i.ll_check_whitelist_in_use_by_advertiser
                0x00004e52       0x10
 i.ll_check_whitelist_in_use_by_advertiser
                0x00004e52       0x10 C:\Program Files (x86)\Cypress\PSoC Creator\3.1\PSoC Creator\psoc\content\cycomponentlibrary\CyComponentLibrary.cylib\BLE_v1_20\Library\gccCyBLEStack_BLE_SOC_PERIPHERAL.a(ll_advertiser.o)
                0x00004e52                ll_check_whitelist_in_use_by_advertiser

i.ll_get_adv_status
                0x00004e62        0xc
 i.ll_get_adv_status
                0x00004e62        0xc C:\Program Files (x86)\Cypress\PSoC Creator\3.1\PSoC Creator\psoc\content\cycomponentlibrary\CyComponentLibrary.cylib\BLE_v1_20\Library\gccCyBLEStack_BLE_SOC_PERIPHERAL.a(ll_advertiser.o)
                0x00004e62                ll_get_adv_status

i.ll_get_adv_type
                0x00004e6e       0x16
 i.ll_get_adv_type
                0x00004e6e       0x16 C:\Program Files (x86)\Cypress\PSoC Creator\3.1\PSoC Creator\psoc\content\cycomponentlibrary\CyComponentLibrary.cylib\BLE_v1_20\Library\gccCyBLEStack_BLE_SOC_PERIPHERAL.a(ll_advertiser.o)
                0x00004e6e                ll_get_adv_type

i.ll_handle_adv_intr
                0x00004e84       0x50
 i.ll_handle_adv_intr
                0x00004e84       0x50 C:\Program Files (x86)\Cypress\PSoC Creator\3.1\PSoC Creator\psoc\content\cycomponentlibrary\CyComponentLibrary.cylib\BLE_v1_20\Library\gccCyBLEStack_BLE_SOC_PERIPHERAL.a(ll_advertiser.o)
                0x00004e84                ll_handle_adv_intr

i.ll_handle_set_adv_data
                0x00004ed4       0x14
 i.ll_handle_set_adv_data
                0x00004ed4       0x14 C:\Program Files (x86)\Cypress\PSoC Creator\3.1\PSoC Creator\psoc\content\cycomponentlibrary\CyComponentLibrary.cylib\BLE_v1_20\Library\gccCyBLEStack_BLE_SOC_PERIPHERAL.a(ll_advertiser.o)
                0x00004ed4                ll_handle_set_adv_data

i.ll_handle_set_adv_parameters
                0x00004ee8       0x84
 i.ll_handle_set_adv_parameters
                0x00004ee8       0x84 C:\Program Files (x86)\Cypress\PSoC Creator\3.1\PSoC Creator\psoc\content\cycomponentlibrary\CyComponentLibrary.cylib\BLE_v1_20\Library\gccCyBLEStack_BLE_SOC_PERIPHERAL.a(ll_advertiser.o)
                0x00004ee8                ll_handle_set_adv_parameters

i.ll_handle_set_advertise_enable
                0x00004f6c       0x70
 i.ll_handle_set_advertise_enable
                0x00004f6c       0x70 C:\Program Files (x86)\Cypress\PSoC Creator\3.1\PSoC Creator\psoc\content\cycomponentlibrary\CyComponentLibrary.cylib\BLE_v1_20\Library\gccCyBLEStack_BLE_SOC_PERIPHERAL.a(ll_advertiser.o)
                0x00004f6c                ll_handle_set_advertise_enable

i.ll_handle_set_scan_resp_data
                0x00004fdc       0x14
 i.ll_handle_set_scan_resp_data
                0x00004fdc       0x14 C:\Program Files (x86)\Cypress\PSoC Creator\3.1\PSoC Creator\psoc\content\cycomponentlibrary\CyComponentLibrary.cylib\BLE_v1_20\Library\gccCyBLEStack_BLE_SOC_PERIPHERAL.a(ll_advertiser.o)
                0x00004fdc                ll_handle_set_scan_resp_data

i.ll_init_advertiser
                0x00004ff0       0x68
 i.ll_init_advertiser
                0x00004ff0       0x68 C:\Program Files (x86)\Cypress\PSoC Creator\3.1\PSoC Creator\psoc\content\cycomponentlibrary\CyComponentLibrary.cylib\BLE_v1_20\Library\gccCyBLEStack_BLE_SOC_PERIPHERAL.a(ll_advertiser.o)
                0x00004ff0                ll_init_advertiser

i.is_le_connection_handle
                0x00005058       0x28
 i.is_le_connection_handle
                0x00005058       0x28 C:\Program Files (x86)\Cypress\PSoC Creator\3.1\PSoC Creator\psoc\content\cycomponentlibrary\CyComponentLibrary.cylib\BLE_v1_20\Library\gccCyBLEStack_BLE_SOC_PERIPHERAL.a(ll_connection.o)
                0x00005058                is_le_connection_handle

i.le_assign_connection_handle
                0x00005080       0x28
 i.le_assign_connection_handle
                0x00005080       0x28 C:\Program Files (x86)\Cypress\PSoC Creator\3.1\PSoC Creator\psoc\content\cycomponentlibrary\CyComponentLibrary.cylib\BLE_v1_20\Library\gccCyBLEStack_BLE_SOC_PERIPHERAL.a(ll_connection.o)
                0x00005080                le_assign_connection_handle

i.le_get_connection_index
                0x000050a8        0x6
 i.le_get_connection_index
                0x000050a8        0x6 C:\Program Files (x86)\Cypress\PSoC Creator\3.1\PSoC Creator\psoc\content\cycomponentlibrary\CyComponentLibrary.cylib\BLE_v1_20\Library\gccCyBLEStack_BLE_SOC_PERIPHERAL.a(ll_connection.o)
                0x000050a8                le_get_connection_index

i.ll_allocate_connection
                0x000050b0       0x44
 i.ll_allocate_connection
                0x000050b0       0x44 C:\Program Files (x86)\Cypress\PSoC Creator\3.1\PSoC Creator\psoc\content\cycomponentlibrary\CyComponentLibrary.cylib\BLE_v1_20\Library\gccCyBLEStack_BLE_SOC_PERIPHERAL.a(ll_connection.o)
                0x000050b0                ll_allocate_connection

i.ll_calculate_and_program_def_win_widen_drift
                0x000050f4       0x14
 i.ll_calculate_and_program_def_win_widen_drift
                0x000050f4       0x14 C:\Program Files (x86)\Cypress\PSoC Creator\3.1\PSoC Creator\psoc\content\cycomponentlibrary\CyComponentLibrary.cylib\BLE_v1_20\Library\gccCyBLEStack_BLE_SOC_PERIPHERAL.a(ll_connection.o)
                0x000050f4                ll_calculate_and_program_def_win_widen_drift

i.ll_calculate_drift
                0x00005108       0x2c
 i.ll_calculate_drift
                0x00005108       0x2c C:\Program Files (x86)\Cypress\PSoC Creator\3.1\PSoC Creator\psoc\content\cycomponentlibrary\CyComponentLibrary.cylib\BLE_v1_20\Library\gccCyBLEStack_BLE_SOC_PERIPHERAL.a(ll_connection.o)
                0x00005108                ll_calculate_drift

i.ll_check_and_decrypt_ll_pdu
                0x00005134       0x68
 i.ll_check_and_decrypt_ll_pdu
                0x00005134       0x68 C:\Program Files (x86)\Cypress\PSoC Creator\3.1\PSoC Creator\psoc\content\cycomponentlibrary\CyComponentLibrary.cylib\BLE_v1_20\Library\gccCyBLEStack_BLE_SOC_PERIPHERAL.a(ll_connection.o)
                0x00005134                ll_check_and_decrypt_ll_pdu

i.ll_check_and_decrypt_packet
                0x0000519c       0x6a
 i.ll_check_and_decrypt_packet
                0x0000519c       0x6a C:\Program Files (x86)\Cypress\PSoC Creator\3.1\PSoC Creator\psoc\content\cycomponentlibrary\CyComponentLibrary.cylib\BLE_v1_20\Library\gccCyBLEStack_BLE_SOC_PERIPHERAL.a(ll_connection.o)
                0x0000519c                ll_check_and_decrypt_packet

i.ll_check_and_encrypt_ll_pdu
                0x00005206       0x72
 i.ll_check_and_encrypt_ll_pdu
                0x00005206       0x72 C:\Program Files (x86)\Cypress\PSoC Creator\3.1\PSoC Creator\psoc\content\cycomponentlibrary\CyComponentLibrary.cylib\BLE_v1_20\Library\gccCyBLEStack_BLE_SOC_PERIPHERAL.a(ll_connection.o)
                0x00005206                ll_check_and_encrypt_ll_pdu

i.ll_check_and_encrypt_packet
                0x00005278       0x8a
 i.ll_check_and_encrypt_packet
                0x00005278       0x8a C:\Program Files (x86)\Cypress\PSoC Creator\3.1\PSoC Creator\psoc\content\cycomponentlibrary\CyComponentLibrary.cylib\BLE_v1_20\Library\gccCyBLEStack_BLE_SOC_PERIPHERAL.a(ll_connection.o)
                0x00005278                ll_check_and_encrypt_packet

i.ll_check_for_allowing_incoming_connection_update
                0x00005302       0x42
 i.ll_check_for_allowing_incoming_connection_update
                0x00005302       0x42 C:\Program Files (x86)\Cypress\PSoC Creator\3.1\PSoC Creator\psoc\content\cycomponentlibrary\CyComponentLibrary.cylib\BLE_v1_20\Library\gccCyBLEStack_BLE_SOC_PERIPHERAL.a(ll_connection.o)
                0x00005302                ll_check_for_allowing_incoming_connection_update

i.ll_check_if_pdu_is_loaded_to_hardware
                0x00005344       0x1c
 i.ll_check_if_pdu_is_loaded_to_hardware
                0x00005344       0x1c C:\Program Files (x86)\Cypress\PSoC Creator\3.1\PSoC Creator\psoc\content\cycomponentlibrary\CyComponentLibrary.cylib\BLE_v1_20\Library\gccCyBLEStack_BLE_SOC_PERIPHERAL.a(ll_connection.o)
                0x00005344                ll_check_if_pdu_is_loaded_to_hardware

i.ll_check_random_address_in_use_by_initiator
                0x00005360       0x30
 i.ll_check_random_address_in_use_by_initiator
                0x00005360       0x30 C:\Program Files (x86)\Cypress\PSoC Creator\3.1\PSoC Creator\psoc\content\cycomponentlibrary\CyComponentLibrary.cylib\BLE_v1_20\Library\gccCyBLEStack_BLE_SOC_PERIPHERAL.a(ll_connection.o)
                0x00005360                ll_check_random_address_in_use_by_initiator

i.ll_check_white_list_in_use_by_initiator
                0x00005390       0x30
 i.ll_check_white_list_in_use_by_initiator
                0x00005390       0x30 C:\Program Files (x86)\Cypress\PSoC Creator\3.1\PSoC Creator\psoc\content\cycomponentlibrary\CyComponentLibrary.cylib\BLE_v1_20\Library\gccCyBLEStack_BLE_SOC_PERIPHERAL.a(ll_connection.o)
                0x00005390                ll_check_white_list_in_use_by_initiator

i.ll_conn_free_enc_txn_buffer
                0x000053c0       0x16
 i.ll_conn_free_enc_txn_buffer
                0x000053c0       0x16 C:\Program Files (x86)\Cypress\PSoC Creator\3.1\PSoC Creator\psoc\content\cycomponentlibrary\CyComponentLibrary.cylib\BLE_v1_20\Library\gccCyBLEStack_BLE_SOC_PERIPHERAL.a(ll_connection.o)
                0x000053c0                ll_conn_free_enc_txn_buffer

i.ll_conn_fsm_update_channel_state
                0x000053d6        0x6
 i.ll_conn_fsm_update_channel_state
                0x000053d6        0x6 C:\Program Files (x86)\Cypress\PSoC Creator\3.1\PSoC Creator\psoc\content\cycomponentlibrary\CyComponentLibrary.cylib\BLE_v1_20\Library\gccCyBLEStack_BLE_SOC_PERIPHERAL.a(ll_connection.o)
                0x000053d6                ll_conn_fsm_update_channel_state

i.ll_conn_fsm_update_conn_update_state
                0x000053dc        0x6
 i.ll_conn_fsm_update_conn_update_state
                0x000053dc        0x6 C:\Program Files (x86)\Cypress\PSoC Creator\3.1\PSoC Creator\psoc\content\cycomponentlibrary\CyComponentLibrary.cylib\BLE_v1_20\Library\gccCyBLEStack_BLE_SOC_PERIPHERAL.a(ll_connection.o)
                0x000053dc                ll_conn_fsm_update_conn_update_state

i.ll_conn_fsm_update_enc_state
                0x000053e2        0x6
 i.ll_conn_fsm_update_enc_state
                0x000053e2        0x6 C:\Program Files (x86)\Cypress\PSoC Creator\3.1\PSoC Creator\psoc\content\cycomponentlibrary\CyComponentLibrary.cylib\BLE_v1_20\Library\gccCyBLEStack_BLE_SOC_PERIPHERAL.a(ll_connection.o)
                0x000053e2                ll_conn_fsm_update_enc_state

i.ll_conn_fsm_update_state
                0x000053e8        0x4
 i.ll_conn_fsm_update_state
                0x000053e8        0x4 C:\Program Files (x86)\Cypress\PSoC Creator\3.1\PSoC Creator\psoc\content\cycomponentlibrary\CyComponentLibrary.cylib\BLE_v1_20\Library\gccCyBLEStack_BLE_SOC_PERIPHERAL.a(ll_connection.o)
                0x000053e8                ll_conn_fsm_update_state

i.ll_conn_handle_data_pdu_from_host_when_data_paused
                0x000053ec        0x8
 i.ll_conn_handle_data_pdu_from_host_when_data_paused
                0x000053ec        0x8 C:\Program Files (x86)\Cypress\PSoC Creator\3.1\PSoC Creator\psoc\content\cycomponentlibrary\CyComponentLibrary.cylib\BLE_v1_20\Library\gccCyBLEStack_BLE_SOC_PERIPHERAL.a(ll_connection.o)
                0x000053ec                ll_conn_handle_data_pdu_from_host_when_data_paused

i.ll_conn_handle_direct_adv_timeout
                0x000053f4       0x2a
 i.ll_conn_handle_direct_adv_timeout
                0x000053f4       0x2a C:\Program Files (x86)\Cypress\PSoC Creator\3.1\PSoC Creator\psoc\content\cycomponentlibrary\CyComponentLibrary.cylib\BLE_v1_20\Library\gccCyBLEStack_BLE_SOC_PERIPHERAL.a(ll_connection.o)
                0x000053f4                ll_conn_handle_direct_adv_timeout

i.ll_conn_handle_ping_timer_expired_interrupt
                0x00005420       0x1c
 i.ll_conn_handle_ping_timer_expired_interrupt
                0x00005420       0x1c C:\Program Files (x86)\Cypress\PSoC Creator\3.1\PSoC Creator\psoc\content\cycomponentlibrary\CyComponentLibrary.cylib\BLE_v1_20\Library\gccCyBLEStack_BLE_SOC_PERIPHERAL.a(ll_connection.o)
                0x00005420                ll_conn_handle_ping_timer_expired_interrupt

i.ll_conn_handle_ping_timer_nearly_expired_interrupt
                0x0000543c       0x20
 i.ll_conn_handle_ping_timer_nearly_expired_interrupt
                0x0000543c       0x20 C:\Program Files (x86)\Cypress\PSoC Creator\3.1\PSoC Creator\psoc\content\cycomponentlibrary\CyComponentLibrary.cylib\BLE_v1_20\Library\gccCyBLEStack_BLE_SOC_PERIPHERAL.a(ll_connection.o)
                0x0000543c                ll_conn_handle_ping_timer_nearly_expired_interrupt

i.ll_conn_handle_stop_connectable_adv
                0x0000545c       0x12
 i.ll_conn_handle_stop_connectable_adv
                0x0000545c       0x12 C:\Program Files (x86)\Cypress\PSoC Creator\3.1\PSoC Creator\psoc\content\cycomponentlibrary\CyComponentLibrary.cylib\BLE_v1_20\Library\gccCyBLEStack_BLE_SOC_PERIPHERAL.a(ll_connection.o)
                0x0000545c                ll_conn_handle_stop_connectable_adv

i.ll_conn_process_pending_transactions
                0x0000546e        0x4
 i.ll_conn_process_pending_transactions
                0x0000546e        0x4 C:\Program Files (x86)\Cypress\PSoC Creator\3.1\PSoC Creator\psoc\content\cycomponentlibrary\CyComponentLibrary.cylib\BLE_v1_20\Library\gccCyBLEStack_BLE_SOC_PERIPHERAL.a(ll_connection.o)
                0x0000546e                ll_conn_process_pending_transactions

i.ll_conn_program_authenticated_payload_timer
                0x00005474       0x50
 i.ll_conn_program_authenticated_payload_timer
                0x00005474       0x50 C:\Program Files (x86)\Cypress\PSoC Creator\3.1\PSoC Creator\psoc\content\cycomponentlibrary\CyComponentLibrary.cylib\BLE_v1_20\Library\gccCyBLEStack_BLE_SOC_PERIPHERAL.a(ll_connection.o)
                0x00005474                ll_conn_program_authenticated_payload_timer

i.ll_conn_read_data_pdu_from_hardware
                0x000054c4       0x14
 i.ll_conn_read_data_pdu_from_hardware